ARM Linker, 5.03 [Build 76] [MDK-ARM Lite]

==============================================================================

Section Cross References

    startup_stm32f10x_hd.o(RESET) refers to startup_stm32f10x_hd.o(STACK) for __initial_sp
    startup_stm32f10x_hd.o(RESET) refers to startup_stm32f10x_hd.o(.text) for Reset_Handler
    startup_stm32f10x_hd.o(RESET) refers to stm32f10x_it.o(.text) for NMI_Handler
    startup_stm32f10x_hd.o(RESET) refers to asm.o(PROGRAM) for SVC_Handler
    startup_stm32f10x_hd.o(.text) refers to system_stm32f10x.o(.text) for SystemInit
    startup_stm32f10x_hd.o(.text) refers to entry.o(.ARM.Collect$$$$00000000) for __main
    asm.o(PROGRAM) refers to thread.o(.data) for currentThread
    asm.o(PROGRAM) refers to schedule.o(.text) for thread_schedule
    asm.o(PROGRAM) refers to board.o(.text) for sys_tick_it_enable
    startup.o(.text) refers to thread.o(.text) for thread_create
    startup.o(.text) refers to asm.o(PROGRAM) for __SVC_ASK
    startup.o(.text) refers to mem.o(.text) for mem_init
    startup.o(.text) refers to board.o(.text) for psp_init
    startup.o(.text) refers to debug.o(.text) for debug_init
    startup.o(.text) refers to console.o(.text) for console_thread_entry
    device.o(.text) refers to asm.o(PROGRAM) for __cpu_mode_ensure
    device.o(.text) refers to strlen.o(.text) for strlen
    device.o(.text) refers to sem.o(.text) for wait
    device.o(.text) refers to strcmp.o(.text) for strcmp
    device.o(.text) refers to mem.o(.text) for scp_malloc
    device.o(.text) refers to device.o(.data) for dev_table_sem
    device.o(.text) refers to device.o(.bss) for dev_table
    device.o(.text) refers to thread.o(.data) for currentThread
    mem.o(.text) refers to sem.o(.text) for wait
    mem.o(.text) refers to mem.o(.data) for heaphdr
    sem.o(.text) refers to asm.o(PROGRAM) for __interrupt_disable
    sem.o(.text) refers to thread.o(.text) for thread_table_convert
    sem.o(.text) refers to schedule.o(.data) for thread_switch_lock
    sem.o(.text) refers to thread.o(.data) for currentThread
    stm32f10x_it.o(.text) refers to stm32f10x_usart.o(.text) for USART_GetITStatus
    stm32f10x_it.o(.text) refers to device.o(.text) for device_find_withName
    stm32f10x_it.o(.text) refers to sem.o(.text) for wait
    stm32f10x_it.o(.text) refers to stm32f10x_it.o(.data) for dev
    console.o(.text) refers to printfa.o(i.__0printf) for __2printf
    console.o(.text) refers to device.o(.text) for device_find_withName
    console.o(.text) refers to sem.o(.text) for wait
    console.o(.text) refers to usart.o(.text) for USART1_register
    console.o(.text) refers to think.o(.text) for think_logo
    console.o(.text) refers to stm32f10x_usart.o(.text) for USART_SendData
    console.o(.text) refers to console.o(.data) for console_sem
    think.o(.text) refers to printfa.o(i.__0printf) for __2printf
    think.o(.text) refers to strcpy.o(.text) for strcpy
    think.o(.text) refers to strlen.o(.text) for strlen
    think.o(.text) refers to think.o(.bss) for think_buffer
    think.o(.text) refers to think.o(.data) for right_flag
    think.o(.text) refers to thread.o(.bss) for threadTable
    think.o(.text) refers to sem.o(.text) for wait
    think.o(.text) refers to dfltui.o(.text) for __aeabi_ui2d
    think.o(.text) refers to dmul.o(.text) for __aeabi_dmul
    think.o(.text) refers to ddiv.o(.text) for __aeabi_ddiv
    think.o(.text) refers to strcmp.o(.text) for strcmp
    think.o(.text) refers to mem.o(.data) for heap_access_sem
    think.o(.text) refers to device.o(.data) for dev_table_sem
    think.o(.text) refers to device.o(.bss) for dev_table
    think.o(.text) refers to console.o(.data) for console_dev
    debug.o(.text) refers to stm32f10x_rcc.o(.text) for RCC_APB2PeriphClockCmd
    debug.o(.text) refers to stm32f10x_gpio.o(.text) for GPIO_Init
    debug.o(.text) refers to stm32f10x_usart.o(.text) for USART_SendData
    debug.o(.text) refers to dfltui.o(.text) for __aeabi_ui2d
    debug.o(.text) refers to sqrt.o(i.sqrt) for sqrt
    debug.o(.text) refers to dflti.o(.text) for __aeabi_i2d
    debug.o(.text) refers to dadd.o(.text) for __aeabi_dsub
    debug.o(.text) refers to dmul.o(.text) for __aeabi_dmul
    debug.o(.text) refers to dfixui.o(.text) for __aeabi_d2uiz
    board.o(.text) refers to misc.o(.text) for NVIC_Init
    board.o(.text) refers to asm.o(PROGRAM) for __psp_init
    board.o(.text) refers to startup_stm32f10x_hd.o(STACK) for __psp
    thread.o(.text) refers to asm.o(PROGRAM) for __SVC_ASK
    thread.o(.text) refers to strlen.o(.text) for strlen
    thread.o(.text) refers to mem.o(.text) for scp_malloc
    thread.o(.text) refers to memseta.o(.text) for __aeabi_memset
    thread.o(.text) refers to sem.o(.text) for wait
    thread.o(.text) refers to strcpy.o(.text) for strcpy
    thread.o(.text) refers to thread.o(.bss) for threadTable
    thread.o(.text) refers to thread.o(.data) for currentThread
    schedule.o(.text) refers to asm.o(PROGRAM) for __switch_to
    schedule.o(.text) refers to thread.o(.text) for thread_table_roll
    schedule.o(.text) refers to schedule.o(.data) for thread_switch_lock
    schedule.o(.text) refers to thread.o(.bss) for threadTable
    schedule.o(.text) refers to thread.o(.data) for currentThread
    stm32f10x_adc.o(.text) refers to stm32f10x_rcc.o(.text) for RCC_APB2PeriphResetCmd
    stm32f10x_bkp.o(.text) refers to stm32f10x_rcc.o(.text) for RCC_BackupResetCmd
    stm32f10x_can.o(.text) refers to stm32f10x_rcc.o(.text) for RCC_APB1PeriphResetCmd
    stm32f10x_dac.o(.text) refers to stm32f10x_rcc.o(.text) for RCC_APB1PeriphResetCmd
    stm32f10x_gpio.o(.text) refers to stm32f10x_rcc.o(.text) for RCC_APB2PeriphResetCmd
    stm32f10x_i2c.o(.text) refers to stm32f10x_rcc.o(.text) for RCC_APB1PeriphResetCmd
    stm32f10x_pwr.o(.text) refers to stm32f10x_rcc.o(.text) for RCC_APB1PeriphResetCmd
    stm32f10x_rcc.o(.text) refers to stm32f10x_rcc.o(.data) for APBAHBPrescTable
    stm32f10x_spi.o(.text) refers to stm32f10x_rcc.o(.text) for RCC_APB2PeriphResetCmd
    stm32f10x_tim.o(.text) refers to stm32f10x_rcc.o(.text) for RCC_APB2PeriphResetCmd
    stm32f10x_usart.o(.text) refers to stm32f10x_rcc.o(.text) for RCC_APB2PeriphResetCmd
    stm32f10x_wwdg.o(.text) refers to stm32f10x_rcc.o(.text) for RCC_APB1PeriphResetCmd
    usart.o(.text) refers to misc.o(.text) for NVIC_Init
    usart.o(.text) refers to sem.o(.text) for wait
    usart.o(.text) refers to stm32f10x_rcc.o(.text) for RCC_APB2PeriphClockCmd
    usart.o(.text) refers to stm32f10x_gpio.o(.text) for GPIO_Init
    usart.o(.text) refers to stm32f10x_usart.o(.text) for USART_Init
    usart.o(.text) refers to strcpy.o(.text) for strcpy
    usart.o(.text) refers to device.o(.text) for device_register
    usart.o(.text) refers to console.o(.data) for console_dev
    sqrt.o(i.__softfp_sqrt) refers (Special) to iusefp.o(.text) for __I$use$fp
    sqrt.o(i.__softfp_sqrt) refers to dsqrt.o(.text) for _dsqrt
    sqrt.o(i.__softfp_sqrt) refers to errno.o(i.__set_errno) for __set_errno
    sqrt.o(i.sqrt) refers (Special) to iusefp.o(.text) for __I$use$fp
    sqrt.o(i.sqrt) refers to dsqrt.o(.text) for _dsqrt
    sqrt.o(i.sqrt) refers to errno.o(i.__set_errno) for __set_errno
    sqrt_x.o(i.____softfp_sqrt$lsc) refers (Special) to iusefp.o(.text) for __I$use$fp
    sqrt_x.o(i.____softfp_sqrt$lsc) refers to cdcmple.o(.text) for __aeabi_cdcmple
    sqrt_x.o(i.____softfp_sqrt$lsc) refers to errno.o(i.__set_errno) for __set_errno
    sqrt_x.o(i.____softfp_sqrt$lsc) refers to dsqrt.o(.text) for _dsqrt
    sqrt_x.o(i.__sqrt$lsc) refers (Special) to iusefp.o(.text) for __I$use$fp
    sqrt_x.o(i.__sqrt$lsc) refers to cdcmple.o(.text) for __aeabi_cdcmple
    sqrt_x.o(i.__sqrt$lsc) refers to errno.o(i.__set_errno) for __set_errno
    sqrt_x.o(i.__sqrt$lsc) refers to dsqrt.o(.text) for _dsqrt
    entry.o(.ARM.Collect$$$$00000000) refers (Special) to entry10a.o(.ARM.Collect$$$$0000000D) for __rt_final_cpp
    entry.o(.ARM.Collect$$$$00000000) refers (Special) to entry11a.o(.ARM.Collect$$$$0000000F) for __rt_final_exit
    entry.o(.ARM.Collect$$$$00000000) refers (Special) to entry7b.o(.ARM.Collect$$$$00000008) for _main_clock
    entry.o(.ARM.Collect$$$$00000000) refers (Special) to entry8b.o(.ARM.Collect$$$$0000000A) for _main_cpp_init
    entry.o(.ARM.Collect$$$$00000000) refers (Special) to entry9a.o(.ARM.Collect$$$$0000000B) for _main_init
    entry.o(.ARM.Collect$$$$00000000) refers (Special) to entry5.o(.ARM.Collect$$$$00000004) for _main_scatterload
    entry.o(.ARM.Collect$$$$00000000) refers (Special) to entry2.o(.ARM.Collect$$$$00000001) for _main_stk
    printfb.o(i.__0fprintf$bare) refers to printfb.o(i._printf_core) for _printf_core
    printfb.o(i.__0fprintf$bare) refers to usart.o(.text) for fputc
    printfb.o(i.__0printf$bare) refers to printfb.o(i._printf_core) for _printf_core
    printfb.o(i.__0printf$bare) refers to usart.o(.text) for fputc
    printfb.o(i.__0printf$bare) refers to stdout.o(.data) for __stdout
    printfb.o(i.__0snprintf$bare) refers to printfb.o(i._printf_core) for _printf_core
    printfb.o(i.__0snprintf$bare) refers to printfb.o(i._snputc) for _snputc
    printfb.o(i.__0sprintf$bare) refers to printfb.o(i._printf_core) for _printf_core
    printfb.o(i.__0sprintf$bare) refers to printfb.o(i._sputc) for _sputc
    printfb.o(i.__0vfprintf$bare) refers to printfb.o(i._printf_core) for _printf_core
    printfb.o(i.__0vfprintf$bare) refers to usart.o(.text) for fputc
    printfb.o(i.__0vprintf$bare) refers to printfb.o(i._printf_core) for _printf_core
    printfb.o(i.__0vprintf$bare) refers to usart.o(.text) for fputc
    printfb.o(i.__0vprintf$bare) refers to stdout.o(.data) for __stdout
    printfb.o(i.__0vsnprintf$bare) refers to printfb.o(i._printf_core) for _printf_core
    printfb.o(i.__0vsnprintf$bare) refers to printfb.o(i._snputc) for _snputc
    printfb.o(i.__0vsprintf$bare) refers to printfb.o(i._printf_core) for _printf_core
    printfb.o(i.__0vsprintf$bare) refers to printfb.o(i._sputc) for _sputc
    printf0.o(i.__0fprintf$0) refers to printf0.o(i._printf_core) for _printf_core
    printf0.o(i.__0fprintf$0) refers to usart.o(.text) for fputc
    printf0.o(i.__0printf$0) refers to printf0.o(i._printf_core) for _printf_core
    printf0.o(i.__0printf$0) refers to usart.o(.text) for fputc
    printf0.o(i.__0printf$0) refers to stdout.o(.data) for __stdout
    printf0.o(i.__0snprintf$0) refers to printf0.o(i._printf_core) for _printf_core
    printf0.o(i.__0snprintf$0) refers to printf0.o(i._snputc) for _snputc
    printf0.o(i.__0sprintf$0) refers to printf0.o(i._printf_core) for _printf_core
    printf0.o(i.__0sprintf$0) refers to printf0.o(i._sputc) for _sputc
    printf0.o(i.__0vfprintf$0) refers to printf0.o(i._printf_core) for _printf_core
    printf0.o(i.__0vfprintf$0) refers to usart.o(.text) for fputc
    printf0.o(i.__0vprintf$0) refers to printf0.o(i._printf_core) for _printf_core
    printf0.o(i.__0vprintf$0) refers to usart.o(.text) for fputc
    printf0.o(i.__0vprintf$0) refers to stdout.o(.data) for __stdout
    printf0.o(i.__0vsnprintf$0) refers to printf0.o(i._printf_core) for _printf_core
    printf0.o(i.__0vsnprintf$0) refers to printf0.o(i._snputc) for _snputc
    printf0.o(i.__0vsprintf$0) refers to printf0.o(i._printf_core) for _printf_core
    printf0.o(i.__0vsprintf$0) refers to printf0.o(i._sputc) for _sputc
    printf1.o(i.__0fprintf$1) refers to printf1.o(i._printf_core) for _printf_core
    printf1.o(i.__0fprintf$1) refers to usart.o(.text) for fputc
    printf1.o(i.__0printf$1) refers to printf1.o(i._printf_core) for _printf_core
    printf1.o(i.__0printf$1) refers to usart.o(.text) for fputc
    printf1.o(i.__0printf$1) refers to stdout.o(.data) for __stdout
    printf1.o(i.__0snprintf$1) refers to printf1.o(i._printf_core) for _printf_core
    printf1.o(i.__0snprintf$1) refers to printf1.o(i._snputc) for _snputc
    printf1.o(i.__0sprintf$1) refers to printf1.o(i._printf_core) for _printf_core
    printf1.o(i.__0sprintf$1) refers to printf1.o(i._sputc) for _sputc
    printf1.o(i.__0vfprintf$1) refers to printf1.o(i._printf_core) for _printf_core
    printf1.o(i.__0vfprintf$1) refers to usart.o(.text) for fputc
    printf1.o(i.__0vprintf$1) refers to printf1.o(i._printf_core) for _printf_core
    printf1.o(i.__0vprintf$1) refers to usart.o(.text) for fputc
    printf1.o(i.__0vprintf$1) refers to stdout.o(.data) for __stdout
    printf1.o(i.__0vsnprintf$1) refers to printf1.o(i._printf_core) for _printf_core
    printf1.o(i.__0vsnprintf$1) refers to printf1.o(i._snputc) for _snputc
    printf1.o(i.__0vsprintf$1) refers to printf1.o(i._printf_core) for _printf_core
    printf1.o(i.__0vsprintf$1) refers to printf1.o(i._sputc) for _sputc
    printf1.o(i._printf_core) refers to uidiv.o(.text) for __aeabi_uidivmod
    printf2.o(i.__0fprintf$2) refers to printf2.o(i._printf_core) for _printf_core
    printf2.o(i.__0fprintf$2) refers to usart.o(.text) for fputc
    printf2.o(i.__0printf$2) refers to printf2.o(i._printf_core) for _printf_core
    printf2.o(i.__0printf$2) refers to usart.o(.text) for fputc
    printf2.o(i.__0printf$2) refers to stdout.o(.data) for __stdout
    printf2.o(i.__0snprintf$2) refers to printf2.o(i._printf_core) for _printf_core
    printf2.o(i.__0snprintf$2) refers to printf2.o(i._snputc) for _snputc
    printf2.o(i.__0sprintf$2) refers to printf2.o(i._printf_core) for _printf_core
    printf2.o(i.__0sprintf$2) refers to printf2.o(i._sputc) for _sputc
    printf2.o(i.__0vfprintf$2) refers to printf2.o(i._printf_core) for _printf_core
    printf2.o(i.__0vfprintf$2) refers to usart.o(.text) for fputc
    printf2.o(i.__0vprintf$2) refers to printf2.o(i._printf_core) for _printf_core
    printf2.o(i.__0vprintf$2) refers to usart.o(.text) for fputc
    printf2.o(i.__0vprintf$2) refers to stdout.o(.data) for __stdout
    printf2.o(i.__0vsnprintf$2) refers to printf2.o(i._printf_core) for _printf_core
    printf2.o(i.__0vsnprintf$2) refers to printf2.o(i._snputc) for _snputc
    printf2.o(i.__0vsprintf$2) refers to printf2.o(i._printf_core) for _printf_core
    printf2.o(i.__0vsprintf$2) refers to printf2.o(i._sputc) for _sputc
    printf3.o(i.__0fprintf$3) refers to printf3.o(i._printf_core) for _printf_core
    printf3.o(i.__0fprintf$3) refers to usart.o(.text) for fputc
    printf3.o(i.__0printf$3) refers to printf3.o(i._printf_core) for _printf_core
    printf3.o(i.__0printf$3) refers to usart.o(.text) for fputc
    printf3.o(i.__0printf$3) refers to stdout.o(.data) for __stdout
    printf3.o(i.__0snprintf$3) refers to printf3.o(i._printf_core) for _printf_core
    printf3.o(i.__0snprintf$3) refers to printf3.o(i._snputc) for _snputc
    printf3.o(i.__0sprintf$3) refers to printf3.o(i._printf_core) for _printf_core
    printf3.o(i.__0sprintf$3) refers to printf3.o(i._sputc) for _sputc
    printf3.o(i.__0vfprintf$3) refers to printf3.o(i._printf_core) for _printf_core
    printf3.o(i.__0vfprintf$3) refers to usart.o(.text) for fputc
    printf3.o(i.__0vprintf$3) refers to printf3.o(i._printf_core) for _printf_core
    printf3.o(i.__0vprintf$3) refers to usart.o(.text) for fputc
    printf3.o(i.__0vprintf$3) refers to stdout.o(.data) for __stdout
    printf3.o(i.__0vsnprintf$3) refers to printf3.o(i._printf_core) for _printf_core
    printf3.o(i.__0vsnprintf$3) refers to printf3.o(i._snputc) for _snputc
    printf3.o(i.__0vsprintf$3) refers to printf3.o(i._printf_core) for _printf_core
    printf3.o(i.__0vsprintf$3) refers to printf3.o(i._sputc) for _sputc
    printf3.o(i._printf_core) refers to uidiv.o(.text) for __aeabi_uidivmod
    printf4.o(i.__0fprintf$4) refers to printf4.o(i._printf_core) for _printf_core
    printf4.o(i.__0fprintf$4) refers to usart.o(.text) for fputc
    printf4.o(i.__0printf$4) refers to printf4.o(i._printf_core) for _printf_core
    printf4.o(i.__0printf$4) refers to usart.o(.text) for fputc
    printf4.o(i.__0printf$4) refers to stdout.o(.data) for __stdout
    printf4.o(i.__0snprintf$4) refers to printf4.o(i._printf_core) for _printf_core
    printf4.o(i.__0snprintf$4) refers to printf4.o(i._snputc) for _snputc
    printf4.o(i.__0sprintf$4) refers to printf4.o(i._printf_core) for _printf_core
    printf4.o(i.__0sprintf$4) refers to printf4.o(i._sputc) for _sputc
    printf4.o(i.__0vfprintf$4) refers to printf4.o(i._printf_core) for _printf_core
    printf4.o(i.__0vfprintf$4) refers to usart.o(.text) for fputc
    printf4.o(i.__0vprintf$4) refers to printf4.o(i._printf_core) for _printf_core
    printf4.o(i.__0vprintf$4) refers to usart.o(.text) for fputc
    printf4.o(i.__0vprintf$4) refers to stdout.o(.data) for __stdout
    printf4.o(i.__0vsnprintf$4) refers to printf4.o(i._printf_core) for _printf_core
    printf4.o(i.__0vsnprintf$4) refers to printf4.o(i._snputc) for _snputc
    printf4.o(i.__0vsprintf$4) refers to printf4.o(i._printf_core) for _printf_core
    printf4.o(i.__0vsprintf$4) refers to printf4.o(i._sputc) for _sputc
    printf4.o(i._printf_core) refers to uldiv.o(.text) for __aeabi_uldivmod
    printf5.o(i.__0fprintf$5) refers to printf5.o(i._printf_core) for _printf_core
    printf5.o(i.__0fprintf$5) refers to usart.o(.text) for fputc
    printf5.o(i.__0printf$5) refers to printf5.o(i._printf_core) for _printf_core
    printf5.o(i.__0printf$5) refers to usart.o(.text) for fputc
    printf5.o(i.__0printf$5) refers to stdout.o(.data) for __stdout
    printf5.o(i.__0snprintf$5) refers to printf5.o(i._printf_core) for _printf_core
    printf5.o(i.__0snprintf$5) refers to printf5.o(i._snputc) for _snputc
    printf5.o(i.__0sprintf$5) refers to printf5.o(i._printf_core) for _printf_core
    printf5.o(i.__0sprintf$5) refers to printf5.o(i._sputc) for _sputc
    printf5.o(i.__0vfprintf$5) refers to printf5.o(i._printf_core) for _printf_core
    printf5.o(i.__0vfprintf$5) refers to usart.o(.text) for fputc
    printf5.o(i.__0vprintf$5) refers to printf5.o(i._printf_core) for _printf_core
    printf5.o(i.__0vprintf$5) refers to usart.o(.text) for fputc
    printf5.o(i.__0vprintf$5) refers to stdout.o(.data) for __stdout
    printf5.o(i.__0vsnprintf$5) refers to printf5.o(i._printf_core) for _printf_core
    printf5.o(i.__0vsnprintf$5) refers to printf5.o(i._snputc) for _snputc
    printf5.o(i.__0vsprintf$5) refers to printf5.o(i._printf_core) for _printf_core
    printf5.o(i.__0vsprintf$5) refers to printf5.o(i._sputc) for _sputc
    printf5.o(i._printf_core) refers to uldiv.o(.text) for __aeabi_uldivmod
    printf6.o(i.__0fprintf$6) refers to printf6.o(i._printf_core) for _printf_core
    printf6.o(i.__0fprintf$6) refers to usart.o(.text) for fputc
    printf6.o(i.__0printf$6) refers to printf6.o(i._printf_core) for _printf_core
    printf6.o(i.__0printf$6) refers to usart.o(.text) for fputc
    printf6.o(i.__0printf$6) refers to stdout.o(.data) for __stdout
    printf6.o(i.__0snprintf$6) refers to printf6.o(i._printf_core) for _printf_core
    printf6.o(i.__0snprintf$6) refers to printf6.o(i._snputc) for _snputc
    printf6.o(i.__0sprintf$6) refers to printf6.o(i._printf_core) for _printf_core
    printf6.o(i.__0sprintf$6) refers to printf6.o(i._sputc) for _sputc
    printf6.o(i.__0vfprintf$6) refers to printf6.o(i._printf_core) for _printf_core
    printf6.o(i.__0vfprintf$6) refers to usart.o(.text) for fputc
    printf6.o(i.__0vprintf$6) refers to printf6.o(i._printf_core) for _printf_core
    printf6.o(i.__0vprintf$6) refers to usart.o(.text) for fputc
    printf6.o(i.__0vprintf$6) refers to stdout.o(.data) for __stdout
    printf6.o(i.__0vsnprintf$6) refers to printf6.o(i._printf_core) for _printf_core
    printf6.o(i.__0vsnprintf$6) refers to printf6.o(i._snputc) for _snputc
    printf6.o(i.__0vsprintf$6) refers to printf6.o(i._printf_core) for _printf_core
    printf6.o(i.__0vsprintf$6) refers to printf6.o(i._sputc) for _sputc
    printf6.o(i._printf_core) refers to printf6.o(i._printf_pre_padding) for _printf_pre_padding
    printf6.o(i._printf_core) refers to uidiv.o(.text) for __aeabi_uidivmod
    printf6.o(i._printf_core) refers to printf6.o(i._printf_post_padding) for _printf_post_padding
    printf7.o(i.__0fprintf$7) refers to printf7.o(i._printf_core) for _printf_core
    printf7.o(i.__0fprintf$7) refers to usart.o(.text) for fputc
    printf7.o(i.__0printf$7) refers to printf7.o(i._printf_core) for _printf_core
    printf7.o(i.__0printf$7) refers to usart.o(.text) for fputc
    printf7.o(i.__0printf$7) refers to stdout.o(.data) for __stdout
    printf7.o(i.__0snprintf$7) refers to printf7.o(i._printf_core) for _printf_core
    printf7.o(i.__0snprintf$7) refers to printf7.o(i._snputc) for _snputc
    printf7.o(i.__0sprintf$7) refers to printf7.o(i._printf_core) for _printf_core
    printf7.o(i.__0sprintf$7) refers to printf7.o(i._sputc) for _sputc
    printf7.o(i.__0vfprintf$7) refers to printf7.o(i._printf_core) for _printf_core
    printf7.o(i.__0vfprintf$7) refers to usart.o(.text) for fputc
    printf7.o(i.__0vprintf$7) refers to printf7.o(i._printf_core) for _printf_core
    printf7.o(i.__0vprintf$7) refers to usart.o(.text) for fputc
    printf7.o(i.__0vprintf$7) refers to stdout.o(.data) for __stdout
    printf7.o(i.__0vsnprintf$7) refers to printf7.o(i._printf_core) for _printf_core
    printf7.o(i.__0vsnprintf$7) refers to printf7.o(i._snputc) for _snputc
    printf7.o(i.__0vsprintf$7) refers to printf7.o(i._printf_core) for _printf_core
    printf7.o(i.__0vsprintf$7) refers to printf7.o(i._sputc) for _sputc
    printf7.o(i._printf_core) refers to printf7.o(i._printf_pre_padding) for _printf_pre_padding
    printf7.o(i._printf_core) refers to uldiv.o(.text) for __aeabi_uldivmod
    printf7.o(i._printf_core) refers to printf7.o(i._printf_post_padding) for _printf_post_padding
    printf8.o(i.__0fprintf$8) refers to printf8.o(i._printf_core) for _printf_core
    printf8.o(i.__0fprintf$8) refers to usart.o(.text) for fputc
    printf8.o(i.__0printf$8) refers to printf8.o(i._printf_core) for _printf_core
    printf8.o(i.__0printf$8) refers to usart.o(.text) for fputc
    printf8.o(i.__0printf$8) refers to stdout.o(.data) for __stdout
    printf8.o(i.__0snprintf$8) refers to printf8.o(i._printf_core) for _printf_core
    printf8.o(i.__0snprintf$8) refers to printf8.o(i._snputc) for _snputc
    printf8.o(i.__0sprintf$8) refers to printf8.o(i._printf_core) for _printf_core
    printf8.o(i.__0sprintf$8) refers to printf8.o(i._sputc) for _sputc
    printf8.o(i.__0vfprintf$8) refers to printf8.o(i._printf_core) for _printf_core
    printf8.o(i.__0vfprintf$8) refers to usart.o(.text) for fputc
    printf8.o(i.__0vprintf$8) refers to printf8.o(i._printf_core) for _printf_core
    printf8.o(i.__0vprintf$8) refers to usart.o(.text) for fputc
    printf8.o(i.__0vprintf$8) refers to stdout.o(.data) for __stdout
    printf8.o(i.__0vsnprintf$8) refers to printf8.o(i._printf_core) for _printf_core
    printf8.o(i.__0vsnprintf$8) refers to printf8.o(i._snputc) for _snputc
    printf8.o(i.__0vsprintf$8) refers to printf8.o(i._printf_core) for _printf_core
    printf8.o(i.__0vsprintf$8) refers to printf8.o(i._sputc) for _sputc
    printf8.o(i._printf_core) refers to printf8.o(i._printf_pre_padding) for _printf_pre_padding
    printf8.o(i._printf_core) refers to uldiv.o(.text) for __aeabi_uldivmod
    printf8.o(i._printf_core) refers to printf8.o(i._printf_post_padding) for _printf_post_padding
    printfa.o(i.__0fprintf) refers (Special) to iusefp.o(.text) for __I$use$fp
    printfa.o(i.__0fprintf) refers to printfa.o(i._printf_core) for _printf_core
    printfa.o(i.__0fprintf) refers to usart.o(.text) for fputc
    printfa.o(i.__0printf) refers (Special) to iusefp.o(.text) for __I$use$fp
    printfa.o(i.__0printf) refers to printfa.o(i._printf_core) for _printf_core
    printfa.o(i.__0printf) refers to usart.o(.text) for fputc
    printfa.o(i.__0printf) refers to stdout.o(.data) for __stdout
    printfa.o(i.__0snprintf) refers (Special) to iusefp.o(.text) for __I$use$fp
    printfa.o(i.__0snprintf) refers to printfa.o(i._printf_core) for _printf_core
    printfa.o(i.__0snprintf) refers to printfa.o(i._snputc) for _snputc
    printfa.o(i.__0sprintf) refers (Special) to iusefp.o(.text) for __I$use$fp
    printfa.o(i.__0sprintf) refers to printfa.o(i._printf_core) for _printf_core
    printfa.o(i.__0sprintf) refers to printfa.o(i._sputc) for _sputc
    printfa.o(i.__0vfprintf) refers (Special) to iusefp.o(.text) for __I$use$fp
    printfa.o(i.__0vfprintf) refers to printfa.o(i._printf_core) for _printf_core
    printfa.o(i.__0vfprintf) refers to usart.o(.text) for fputc
    printfa.o(i.__0vprintf) refers (Special) to iusefp.o(.text) for __I$use$fp
    printfa.o(i.__0vprintf) refers to printfa.o(i._printf_core) for _printf_core
    printfa.o(i.__0vprintf) refers to usart.o(.text) for fputc
    printfa.o(i.__0vprintf) refers to stdout.o(.data) for __stdout
    printfa.o(i.__0vsnprintf) refers (Special) to iusefp.o(.text) for __I$use$fp
    printfa.o(i.__0vsnprintf) refers to printfa.o(i._printf_core) for _printf_core
    printfa.o(i.__0vsnprintf) refers to printfa.o(i._snputc) for _snputc
    printfa.o(i.__0vsprintf) refers (Special) to iusefp.o(.text) for __I$use$fp
    printfa.o(i.__0vsprintf) refers to printfa.o(i._printf_core) for _printf_core
    printfa.o(i.__0vsprintf) refers to printfa.o(i._sputc) for _sputc
    printfa.o(i._fp_digits) refers (Special) to iusefp.o(.text) for __I$use$fp
    printfa.o(i._fp_digits) refers to dmul.o(.text) for __aeabi_dmul
    printfa.o(i._fp_digits) refers to ddiv.o(.text) for __aeabi_ddiv
    printfa.o(i._fp_digits) refers to cdrcmple.o(.text) for __aeabi_cdrcmple
    printfa.o(i._fp_digits) refers to dadd.o(.text) for __aeabi_dadd
    printfa.o(i._fp_digits) refers to dfixul.o(.text) for __aeabi_d2ulz
    printfa.o(i._fp_digits) refers to uldiv.o(.text) for __aeabi_uldivmod
    printfa.o(i._printf_core) refers (Special) to iusefp.o(.text) for __I$use$fp
    printfa.o(i._printf_core) refers to printfa.o(i._printf_pre_padding) for _printf_pre_padding
    printfa.o(i._printf_core) refers to uldiv.o(.text) for __aeabi_uldivmod
    printfa.o(i._printf_core) refers to printfa.o(i._printf_post_padding) for _printf_post_padding
    printfa.o(i._printf_core) refers to printfa.o(i._fp_digits) for _fp_digits
    printfa.o(i._printf_core) refers to uidiv.o(.text) for __aeabi_uidivmod
    printfa.o(i._printf_post_padding) refers (Special) to iusefp.o(.text) for __I$use$fp
    printfa.o(i._printf_pre_padding) refers (Special) to iusefp.o(.text) for __I$use$fp
    printfa.o(i._snputc) refers (Special) to iusefp.o(.text) for __I$use$fp
    printfa.o(i._sputc) refers (Special) to iusefp.o(.text) for __I$use$fp
    dadd.o(.text) refers (Special) to iusefp.o(.text) for __I$use$fp
    dadd.o(.text) refers to llshl.o(.text) for __aeabi_llsl
    dadd.o(.text) refers to llsshr.o(.text) for __aeabi_lasr
    dadd.o(.text) refers to depilogue.o(.text) for _double_epilogue
    dmul.o(.text) refers (Special) to iusefp.o(.text) for __I$use$fp
    dmul.o(.text) refers to depilogue.o(.text) for _double_epilogue
    ddiv.o(.text) refers (Special) to iusefp.o(.text) for __I$use$fp
    ddiv.o(.text) refers to depilogue.o(.text) for _double_round
    dflti.o(.text) refers (Special) to iusefp.o(.text) for __I$use$fp
    dflti.o(.text) refers to depilogue.o(.text) for _double_epilogue
    dfltui.o(.text) refers (Special) to iusefp.o(.text) for __I$use$fp
    dfltui.o(.text) refers to depilogue.o(.text) for _double_epilogue
    dfixui.o(.text) refers (Special) to iusefp.o(.text) for __I$use$fp
    dfixui.o(.text) refers to llushr.o(.text) for __aeabi_llsr
    entry2.o(.ARM.Collect$$$$00000001) refers to entry2.o(.ARM.Collect$$$$00002712) for __lit__00000000
    entry2.o(.ARM.Collect$$$$00002712) refers to startup_stm32f10x_hd.o(STACK) for __initial_sp
    entry2.o(__vectab_stack_and_reset_area) refers to startup_stm32f10x_hd.o(STACK) for __initial_sp
    entry2.o(__vectab_stack_and_reset_area) refers to entry.o(.ARM.Collect$$$$00000000) for __main
    entry5.o(.ARM.Collect$$$$00000004) refers to init.o(.text) for __scatterload
    entry9a.o(.ARM.Collect$$$$0000000B) refers to startup.o(.text) for main
    entry9b.o(.ARM.Collect$$$$0000000C) refers to startup.o(.text) for main
    uldiv.o(.text) refers to llushr.o(.text) for __aeabi_llsr
    uldiv.o(.text) refers to llshl.o(.text) for __aeabi_llsl
    errno.o(i.__aeabi_errno_addr) refers to errno.o(.data) for .data
    errno.o(i.__read_errno) refers to errno.o(.data) for .data
    errno.o(i.__set_errno) refers to errno.o(.data) for .data
    depilogue.o(.text) refers to llshl.o(.text) for __aeabi_llsl
    depilogue.o(.text) refers to llushr.o(.text) for __aeabi_llsr
    dsqrt.o(.text) refers to llushr.o(.text) for __aeabi_llsr
    dsqrt.o(.text) refers to depilogue.o(.text) for _double_round
    dfixul.o(.text) refers to llushr.o(.text) for __aeabi_llsr
    dfixul.o(.text) refers to llshl.o(.text) for __aeabi_llsl
    init.o(.text) refers to entry5.o(.ARM.Collect$$$$00000004) for __main_after_scatterload


==============================================================================

Removing Unused input sections from the image.

    Removing startup_stm32f10x_hd.o(HEAP), (0 bytes).
    Removing core_cm3.o(.emb_text), (32 bytes).
    Removing debug.o(.data), (1 bytes).
    Removing stm32f10x_adc.o(.text), (1072 bytes).
    Removing stm32f10x_bkp.o(.text), (164 bytes).
    Removing stm32f10x_can.o(.text), (1938 bytes).
    Removing stm32f10x_crc.o(.text), (72 bytes).
    Removing stm32f10x_dac.o(.text), (336 bytes).
    Removing stm32f10x_dbgmcu.o(.text), (48 bytes).
    Removing stm32f10x_dma.o(.text), (572 bytes).
    Removing stm32f10x_exti.o(.text), (292 bytes).
    Removing stm32f10x_flash.o(.text), (1324 bytes).
    Removing stm32f10x_fsmc.o(.text), (1552 bytes).
    Removing stm32f10x_i2c.o(.text), (996 bytes).
    Removing stm32f10x_iwdg.o(.text), (64 bytes).
    Removing stm32f10x_pwr.o(.text), (192 bytes).
    Removing stm32f10x_rtc.o(.text), (324 bytes).
    Removing stm32f10x_sdio.o(.text), (460 bytes).
    Removing stm32f10x_spi.o(.text), (768 bytes).
    Removing stm32f10x_tim.o(.text), (3014 bytes).
    Removing stm32f10x_wwdg.o(.text), (124 bytes).
    Removing system_stm32f10x.o(.constdata), (20 bytes).
    Removing cdcmple.o(.text), (40 bytes).

23 unused section(s) (total 13405 bytes) removed from the image.

==============================================================================

Image Symbol Table

    Local Symbols

    Symbol Name                              Value     Ov Type        Size  Object(Section)

    ../clib/microlib/division.c              0x00000000   Number         0  uldiv.o ABSOLUTE
    ../clib/microlib/division.c              0x00000000   Number         0  uidiv.o ABSOLUTE
    ../clib/microlib/errno.c                 0x00000000   Number         0  errno.o ABSOLUTE
    ../clib/microlib/init/entry.s            0x00000000   Number         0  entry9b.o ABSOLUTE
    ../clib/microlib/init/entry.s            0x00000000   Number         0  entry9a.o ABSOLUTE
    ../clib/microlib/init/entry.s            0x00000000   Number         0  entry8b.o ABSOLUTE
    ../clib/microlib/init/entry.s            0x00000000   Number         0  entry8a.o ABSOLUTE
    ../clib/microlib/init/entry.s            0x00000000   Number         0  entry7b.o ABSOLUTE
    ../clib/microlib/init/entry.s            0x00000000   Number         0  entry7a.o ABSOLUTE
    ../clib/microlib/init/entry.s            0x00000000   Number         0  entry5.o ABSOLUTE
    ../clib/microlib/init/entry.s            0x00000000   Number         0  entry2.o ABSOLUTE
    ../clib/microlib/init/entry.s            0x00000000   Number         0  entry.o ABSOLUTE
    ../clib/microlib/init/entry.s            0x00000000   Number         0  entry11b.o ABSOLUTE
    ../clib/microlib/init/entry.s            0x00000000   Number         0  entry11a.o ABSOLUTE
    ../clib/microlib/init/entry.s            0x00000000   Number         0  entry10b.o ABSOLUTE
    ../clib/microlib/init/entry.s            0x00000000   Number         0  entry10a.o ABSOLUTE
    ../clib/microlib/longlong.c              0x00000000   Number         0  llsshr.o ABSOLUTE
    ../clib/microlib/longlong.c              0x00000000   Number         0  llushr.o ABSOLUTE
    ../clib/microlib/longlong.c              0x00000000   Number         0  llshl.o ABSOLUTE
    ../clib/microlib/printf/printf.c         0x00000000   Number         0  printf0.o ABSOLUTE
    ../clib/microlib/printf/printf.c         0x00000000   Number         0  printfb.o ABSOLUTE
    ../clib/microlib/printf/printf.c         0x00000000   Number         0  printfa.o ABSOLUTE
    ../clib/microlib/printf/printf.c         0x00000000   Number         0  printf8.o ABSOLUTE
    ../clib/microlib/printf/printf.c         0x00000000   Number         0  printf7.o ABSOLUTE
    ../clib/microlib/printf/printf.c         0x00000000   Number         0  printf6.o ABSOLUTE
    ../clib/microlib/printf/printf.c         0x00000000   Number         0  printf5.o ABSOLUTE
    ../clib/microlib/printf/printf.c         0x00000000   Number         0  printf4.o ABSOLUTE
    ../clib/microlib/printf/printf.c         0x00000000   Number         0  printf3.o ABSOLUTE
    ../clib/microlib/printf/printf.c         0x00000000   Number         0  printf2.o ABSOLUTE
    ../clib/microlib/printf/printf.c         0x00000000   Number         0  printf1.o ABSOLUTE
    ../clib/microlib/printf/stubs.s          0x00000000   Number         0  stubs.o ABSOLUTE
    ../clib/microlib/stdio/streams.c         0x00000000   Number         0  stdout.o ABSOLUTE
    ../clib/microlib/string/memset.c         0x00000000   Number         0  memseta.o ABSOLUTE
    ../clib/microlib/string/strcmp.c         0x00000000   Number         0  strcmp.o ABSOLUTE
    ../clib/microlib/string/strcpy.c         0x00000000   Number         0  strcpy.o ABSOLUTE
    ../clib/microlib/string/strlen.c         0x00000000   Number         0  strlen.o ABSOLUTE
    ../clib/microlib/stubs.s                 0x00000000   Number         0  iusefp.o ABSOLUTE
    ../fplib/microlib/fpadd.c                0x00000000   Number         0  dadd.o ABSOLUTE
    ../fplib/microlib/fpdiv.c                0x00000000   Number         0  ddiv.o ABSOLUTE
    ../fplib/microlib/fpepilogue.c           0x00000000   Number         0  depilogue.o ABSOLUTE
    ../fplib/microlib/fpfix.c                0x00000000   Number         0  dfixui.o ABSOLUTE
    ../fplib/microlib/fpfix.c                0x00000000   Number         0  dfixul.o ABSOLUTE
    ../fplib/microlib/fpflt.c                0x00000000   Number         0  dflti.o ABSOLUTE
    ../fplib/microlib/fpflt.c                0x00000000   Number         0  dfltui.o ABSOLUTE
    ../fplib/microlib/fpmul.c                0x00000000   Number         0  dmul.o ABSOLUTE
    ../fplib/microlib/fpsqrt.c               0x00000000   Number         0  dsqrt.o ABSOLUTE
    ../mathlib/sqrt.c                        0x00000000   Number         0  sqrt.o ABSOLUTE
    ../mathlib/sqrt.c                        0x00000000   Number         0  sqrt_x.o ABSOLUTE
    ..\Cortex-m3\src\asm.s                   0x00000000   Number         0  asm.o ABSOLUTE
    ..\Cortex-m3\src\core_cm3.c              0x00000000   Number         0  core_cm3.o ABSOLUTE
    ..\Drivers\src\USART.c                   0x00000000   Number         0  usart.o ABSOLUTE
    ..\Drivers\src\system_stm32f10x.c        0x00000000   Number         0  system_stm32f10x.o ABSOLUTE
    ..\Kernel\src\board.c                    0x00000000   Number         0  board.o ABSOLUTE
    ..\Kernel\src\console.c                  0x00000000   Number         0  console.o ABSOLUTE
    ..\Kernel\src\debug.c                    0x00000000   Number         0  debug.o ABSOLUTE
    ..\Kernel\src\device.c                   0x00000000   Number         0  device.o ABSOLUTE
    ..\Kernel\src\mem.c                      0x00000000   Number         0  mem.o ABSOLUTE
    ..\Kernel\src\schedule.c                 0x00000000   Number         0  schedule.o ABSOLUTE
    ..\Kernel\src\sem.c                      0x00000000   Number         0  sem.o ABSOLUTE
    ..\Kernel\src\startup.c                  0x00000000   Number         0  startup.o ABSOLUTE
    ..\Kernel\src\stm32f10x_it.c             0x00000000   Number         0  stm32f10x_it.o ABSOLUTE
    ..\Kernel\src\think.c                    0x00000000   Number         0  think.o ABSOLUTE
    ..\Kernel\src\thread.c                   0x00000000   Number         0  thread.o ABSOLUTE
    ..\Library\src\misc.c                    0x00000000   Number         0  misc.o ABSOLUTE
    ..\Library\src\stm32f10x_adc.c           0x00000000   Number         0  stm32f10x_adc.o ABSOLUTE
    ..\Library\src\stm32f10x_bkp.c           0x00000000   Number         0  stm32f10x_bkp.o ABSOLUTE
    ..\Library\src\stm32f10x_can.c           0x00000000   Number         0  stm32f10x_can.o ABSOLUTE
    ..\Library\src\stm32f10x_crc.c           0x00000000   Number         0  stm32f10x_crc.o ABSOLUTE
    ..\Library\src\stm32f10x_dac.c           0x00000000   Number         0  stm32f10x_dac.o ABSOLUTE
    ..\Library\src\stm32f10x_dbgmcu.c        0x00000000   Number         0  stm32f10x_dbgmcu.o ABSOLUTE
    ..\Library\src\stm32f10x_dma.c           0x00000000   Number         0  stm32f10x_dma.o ABSOLUTE
    ..\Library\src\stm32f10x_exti.c          0x00000000   Number         0  stm32f10x_exti.o ABSOLUTE
    ..\Library\src\stm32f10x_flash.c         0x00000000   Number         0  stm32f10x_flash.o ABSOLUTE
    ..\Library\src\stm32f10x_fsmc.c          0x00000000   Number         0  stm32f10x_fsmc.o ABSOLUTE
    ..\Library\src\stm32f10x_gpio.c          0x00000000   Number         0  stm32f10x_gpio.o ABSOLUTE
    ..\Library\src\stm32f10x_i2c.c           0x00000000   Number         0  stm32f10x_i2c.o ABSOLUTE
    ..\Library\src\stm32f10x_iwdg.c          0x00000000   Number         0  stm32f10x_iwdg.o ABSOLUTE
    ..\Library\src\stm32f10x_pwr.c           0x00000000   Number         0  stm32f10x_pwr.o ABSOLUTE
    ..\Library\src\stm32f10x_rcc.c           0x00000000   Number         0  stm32f10x_rcc.o ABSOLUTE
    ..\Library\src\stm32f10x_rtc.c           0x00000000   Number         0  stm32f10x_rtc.o ABSOLUTE
    ..\Library\src\stm32f10x_sdio.c          0x00000000   Number         0  stm32f10x_sdio.o ABSOLUTE
    ..\Library\src\stm32f10x_spi.c           0x00000000   Number         0  stm32f10x_spi.o ABSOLUTE
    ..\Library\src\stm32f10x_tim.c           0x00000000   Number         0  stm32f10x_tim.o ABSOLUTE
    ..\Library\src\stm32f10x_usart.c         0x00000000   Number         0  stm32f10x_usart.o ABSOLUTE
    ..\Library\src\stm32f10x_wwdg.c          0x00000000   Number         0  stm32f10x_wwdg.o ABSOLUTE
    ..\Startup\startup_stm32f10x_hd.s        0x00000000   Number         0  startup_stm32f10x_hd.o ABSOLUTE
    ..\User\src\app.c                        0x00000000   Number         0  app.o ABSOLUTE
    ..\\Cortex-m3\\src\\core_cm3.c           0x00000000   Number         0  core_cm3.o ABSOLUTE
    cdcmple.s                                0x00000000   Number         0  cdcmple.o ABSOLUTE
    cdrcmple.s                               0x00000000   Number         0  cdrcmple.o ABSOLUTE
    dc.s                                     0x00000000   Number         0  dc.o ABSOLUTE
    handlers.s                               0x00000000   Number         0  handlers.o ABSOLUTE
    init.s                                   0x00000000   Number         0  init.o ABSOLUTE
    RESET                                    0x08000000   Section      304  startup_stm32f10x_hd.o(RESET)
    .ARM.Collect$$$$00000000                 0x08000130   Section        0  entry.o(.ARM.Collect$$$$00000000)
    .ARM.Collect$$$$00000001                 0x08000130   Section        4  entry2.o(.ARM.Collect$$$$00000001)
    .ARM.Collect$$$$00000004                 0x08000134   Section        4  entry5.o(.ARM.Collect$$$$00000004)
    .ARM.Collect$$$$00000008                 0x08000138   Section        0  entry7b.o(.ARM.Collect$$$$00000008)
    .ARM.Collect$$$$0000000A                 0x08000138   Section        0  entry8b.o(.ARM.Collect$$$$0000000A)
    .ARM.Collect$$$$0000000B                 0x08000138   Section        8  entry9a.o(.ARM.Collect$$$$0000000B)
    .ARM.Collect$$$$0000000D                 0x08000140   Section        0  entry10a.o(.ARM.Collect$$$$0000000D)
    .ARM.Collect$$$$0000000F                 0x08000140   Section        0  entry11a.o(.ARM.Collect$$$$0000000F)
    .ARM.Collect$$$$00002712                 0x08000140   Section        4  entry2.o(.ARM.Collect$$$$00002712)
    __lit__00000000                          0x08000140   Data           4  entry2.o(.ARM.Collect$$$$00002712)
    .text                                    0x08000144   Section       36  startup_stm32f10x_hd.o(.text)
    .text                                    0x08000168   Section        0  startup.o(.text)
    .text                                    0x080001f0   Section        0  device.o(.text)
    .text                                    0x080045fc   Section        0  mem.o(.text)
    .text                                    0x0800485c   Section        0  sem.o(.text)
    .text                                    0x08004954   Section        0  stm32f10x_it.o(.text)
    .text                                    0x08004a50   Section        0  console.o(.text)
    .text                                    0x08004c80   Section        0  think.o(.text)
    .text                                    0x0800566c   Section        0  debug.o(.text)
    .text                                    0x0800589c   Section        0  board.o(.text)
    .text                                    0x0800597c   Section        0  thread.o(.text)
    .text                                    0x08005d34   Section        0  schedule.o(.text)
    .text                                    0x08005d9c   Section        0  misc.o(.text)
    .text                                    0x08005e78   Section        0  stm32f10x_gpio.o(.text)
    .text                                    0x080061a4   Section        0  stm32f10x_rcc.o(.text)
    .text                                    0x08006544   Section        0  stm32f10x_usart.o(.text)
    .text                                    0x080068b4   Section        0  system_stm32f10x.o(.text)
    SetSysClockTo72                          0x080068b5   Thumb Code   218  system_stm32f10x.o(.text)
    SetSysClock                              0x0800698f   Thumb Code     8  system_stm32f10x.o(.text)
    .text                                    0x080069ec   Section        0  usart.o(.text)
    .text                                    0x08006dcc   Section        0  memseta.o(.text)
    .text                                    0x08006df0   Section        0  strlen.o(.text)
    .text                                    0x08006dfe   Section        0  strcmp.o(.text)
    .text                                    0x08006e1a   Section        0  strcpy.o(.text)
    .text                                    0x08006e2c   Section        0  dadd.o(.text)
    .text                                    0x08006f7a   Section        0  dmul.o(.text)
    .text                                    0x0800705e   Section        0  ddiv.o(.text)
    .text                                    0x0800713c   Section        0  dflti.o(.text)
    .text                                    0x0800715e   Section        0  dfltui.o(.text)
    .text                                    0x08007178   Section        0  dfixui.o(.text)
    .text                                    0x080071aa   Section        0  uidiv.o(.text)
    .text                                    0x080071d6   Section        0  uldiv.o(.text)
    .text                                    0x08007238   Section        0  llshl.o(.text)
    .text                                    0x08007256   Section        0  llushr.o(.text)
    .text                                    0x08007276   Section        0  llsshr.o(.text)
    .text                                    0x0800729a   Section        0  depilogue.o(.text)
    .text                                    0x0800729a   Section        0  iusefp.o(.text)
    .text                                    0x08007358   Section        0  dsqrt.o(.text)
    .text                                    0x080073fa   Section        0  dfixul.o(.text)
    .text                                    0x0800742c   Section       40  cdrcmple.o(.text)
    .text                                    0x08007454   Section       36  init.o(.text)
    PROGRAM                                  0x08007478   Section      364  asm.o(PROGRAM)
    i.__0printf                              0x080075e4   Section        0  printfa.o(i.__0printf)
    i.__scatterload_copy                     0x08007604   Section       14  handlers.o(i.__scatterload_copy)
    i.__scatterload_null                     0x08007612   Section        2  handlers.o(i.__scatterload_null)
    i.__scatterload_zeroinit                 0x08007614   Section       14  handlers.o(i.__scatterload_zeroinit)
    i.__set_errno                            0x08007624   Section        0  errno.o(i.__set_errno)
    i._fp_digits                             0x08007630   Section        0  printfa.o(i._fp_digits)
    _fp_digits                               0x08007631   Thumb Code   326  printfa.o(i._fp_digits)
    i._printf_core                           0x0800778c   Section        0  printfa.o(i._printf_core)
    _printf_core                             0x0800778d   Thumb Code  1762  printfa.o(i._printf_core)
    i._printf_post_padding                   0x08007e7c   Section        0  printfa.o(i._printf_post_padding)
    _printf_post_padding                     0x08007e7d   Thumb Code    38  printfa.o(i._printf_post_padding)
    i._printf_pre_padding                    0x08007ea2   Section        0  printfa.o(i._printf_pre_padding)
    _printf_pre_padding                      0x08007ea3   Thumb Code    48  printfa.o(i._printf_pre_padding)
    i.sqrt                                   0x08007ed2   Section        0  sqrt.o(i.sqrt)
    .data                                    0x20000000   Section        8  device.o(.data)
    .data                                    0x20000008   Section       16  mem.o(.data)
    .data                                    0x20000018   Section        4  stm32f10x_it.o(.data)
    dev                                      0x20000018   Data           4  stm32f10x_it.o(.data)
    .data                                    0x2000001c   Section       12  console.o(.data)
    .data                                    0x20000028   Section       12  think.o(.data)
    .data                                    0x20000034   Section       12  thread.o(.data)
    .data                                    0x20000040   Section        2  schedule.o(.data)
    .data                                    0x20000042   Section       20  stm32f10x_rcc.o(.data)
    APBAHBPrescTable                         0x20000042   Data          16  stm32f10x_rcc.o(.data)
    ADCPrescTable                            0x20000052   Data           4  stm32f10x_rcc.o(.data)
    .data                                    0x20000058   Section        4  stdout.o(.data)
    .data                                    0x2000005c   Section        4  errno.o(.data)
    _errno                                   0x2000005c   Data           4  errno.o(.data)
    .bss                                     0x20000060   Section       12  device.o(.bss)
    .bss                                     0x2000006c   Section      768  think.o(.bss)
    .bss                                     0x2000036c   Section     1328  thread.o(.bss)
    STACK                                    0x200008a0   Section     2048  startup_stm32f10x_hd.o(STACK)

    Global Symbols

    Symbol Name                              Value     Ov Type        Size  Object(Section)

    BuildAttributes$$THM_ISAv4$P$D$K$B$S$PE$A:L22UL41UL21$X:L11$S22US41US21$IEEE1$IW$USESV6$~STKCKD$USESV7$~SHL$OTIME$ROPI$IEEEJ$EBA8$MICROLIB$REQ8$PRES8$EABIv2 0x00000000   Number         0  anon$$obj.o ABSOLUTE
    __ARM_use_no_argv                        0x00000000   Number         0  startup.o ABSOLUTE
    _printf_a                                0x00000000   Number         0  stubs.o ABSOLUTE
    _printf_c                                0x00000000   Number         0  stubs.o ABSOLUTE
    _printf_charcount                        0x00000000   Number         0  stubs.o ABSOLUTE
    _printf_d                                0x00000000   Number         0  stubs.o ABSOLUTE
    _printf_e                                0x00000000   Number         0  stubs.o ABSOLUTE
    _printf_f                                0x00000000   Number         0  stubs.o ABSOLUTE
    _printf_flags                            0x00000000   Number         0  stubs.o ABSOLUTE
    _printf_fp_dec                           0x00000000   Number         0  stubs.o ABSOLUTE
    _printf_fp_hex                           0x00000000   Number         0  stubs.o ABSOLUTE
    _printf_g                                0x00000000   Number         0  stubs.o ABSOLUTE
    _printf_i                                0x00000000   Number         0  stubs.o ABSOLUTE
    _printf_int_dec                          0x00000000   Number         0  stubs.o ABSOLUTE
    _printf_l                                0x00000000   Number         0  stubs.o ABSOLUTE
    _printf_lc                               0x00000000   Number         0  stubs.o ABSOLUTE
    _printf_ll                               0x00000000   Number         0  stubs.o ABSOLUTE
    _printf_lld                              0x00000000   Number         0  stubs.o ABSOLUTE
    _printf_lli                              0x00000000   Number         0  stubs.o ABSOLUTE
    _printf_llo                              0x00000000   Number         0  stubs.o ABSOLUTE
    _printf_llu                              0x00000000   Number         0  stubs.o ABSOLUTE
    _printf_llx                              0x00000000   Number         0  stubs.o ABSOLUTE
    _printf_longlong_dec                     0x00000000   Number         0  stubs.o ABSOLUTE
    _printf_longlong_hex                     0x00000000   Number         0  stubs.o ABSOLUTE
    _printf_longlong_oct                     0x00000000   Number         0  stubs.o ABSOLUTE
    _printf_ls                               0x00000000   Number         0  stubs.o ABSOLUTE
    _printf_mbtowc                           0x00000000   Number         0  stubs.o ABSOLUTE
    _printf_n                                0x00000000   Number         0  stubs.o ABSOLUTE
    _printf_o                                0x00000000   Number         0  stubs.o ABSOLUTE
    _printf_p                                0x00000000   Number         0  stubs.o ABSOLUTE
    _printf_percent                          0x00000000   Number         0  stubs.o ABSOLUTE
    _printf_pre_padding                      0x00000000   Number         0  stubs.o ABSOLUTE
    _printf_return_value                     0x00000000   Number         0  stubs.o ABSOLUTE
    _printf_s                                0x00000000   Number         0  stubs.o ABSOLUTE
    _printf_sizespec                         0x00000000   Number         0  stubs.o ABSOLUTE
    _printf_str                              0x00000000   Number         0  stubs.o ABSOLUTE
    _printf_truncate_signed                  0x00000000   Number         0  stubs.o ABSOLUTE
    _printf_truncate_unsigned                0x00000000   Number         0  stubs.o ABSOLUTE
    _printf_u                                0x00000000   Number         0  stubs.o ABSOLUTE
    _printf_wc                               0x00000000   Number         0  stubs.o ABSOLUTE
    _printf_wctomb                           0x00000000   Number         0  stubs.o ABSOLUTE
    _printf_widthprec                        0x00000000   Number         0  stubs.o ABSOLUTE
    _printf_x                                0x00000000   Number         0  stubs.o ABSOLUTE
    __cpp_initialize__aeabi_                  - Undefined Weak Reference
    __cxa_finalize                            - Undefined Weak Reference
    __decompress                              - Undefined Weak Reference
    _clock_init                               - Undefined Weak Reference
    _microlib_exit                            - Undefined Weak Reference
    __Vectors_Size                           0x00000130   Number         0  startup_stm32f10x_hd.o ABSOLUTE
    __Vectors                                0x08000000   Data           4  startup_stm32f10x_hd.o(RESET)
    __Vectors_End                            0x08000130   Data           0  startup_stm32f10x_hd.o(RESET)
    __main                                   0x08000131   Thumb Code     0  entry.o(.ARM.Collect$$$$00000000)
    _main_stk                                0x08000131   Thumb Code     0  entry2.o(.ARM.Collect$$$$00000001)
    _main_scatterload                        0x08000135   Thumb Code     0  entry5.o(.ARM.Collect$$$$00000004)
    __main_after_scatterload                 0x08000139   Thumb Code     0  entry5.o(.ARM.Collect$$$$00000004)
    _main_clock                              0x08000139   Thumb Code     0  entry7b.o(.ARM.Collect$$$$00000008)
    _main_cpp_init                           0x08000139   Thumb Code     0  entry8b.o(.ARM.Collect$$$$0000000A)
    _main_init                               0x08000139   Thumb Code     0  entry9a.o(.ARM.Collect$$$$0000000B)
    __rt_final_cpp                           0x08000141   Thumb Code     0  entry10a.o(.ARM.Collect$$$$0000000D)
    __rt_final_exit                          0x08000141   Thumb Code     0  entry11a.o(.ARM.Collect$$$$0000000F)
    Reset_Handler                            0x08000145   Thumb Code     8  startup_stm32f10x_hd.o(.text)
    HardFault_Handler                        0x0800014f   Thumb Code     2  startup_stm32f10x_hd.o(.text)
    ADC1_2_IRQHandler                        0x0800015f   Thumb Code     0  startup_stm32f10x_hd.o(.text)
    ADC3_IRQHandler                          0x0800015f   Thumb Code     0  startup_stm32f10x_hd.o(.text)
    CAN1_RX1_IRQHandler                      0x0800015f   Thumb Code     0  startup_stm32f10x_hd.o(.text)
    CAN1_SCE_IRQHandler                      0x0800015f   Thumb Code     0  startup_stm32f10x_hd.o(.text)
    DMA1_Channel1_IRQHandler                 0x0800015f   Thumb Code     0  startup_stm32f10x_hd.o(.text)
    DMA1_Channel2_IRQHandler                 0x0800015f   Thumb Code     0  startup_stm32f10x_hd.o(.text)
    DMA1_Channel3_IRQHandler                 0x0800015f   Thumb Code     0  startup_stm32f10x_hd.o(.text)
    DMA1_Channel4_IRQHandler                 0x0800015f   Thumb Code     0  startup_stm32f10x_hd.o(.text)
    DMA1_Channel5_IRQHandler                 0x0800015f   Thumb Code     0  startup_stm32f10x_hd.o(.text)
    DMA1_Channel6_IRQHandler                 0x0800015f   Thumb Code     0  startup_stm32f10x_hd.o(.text)
    DMA1_Channel7_IRQHandler                 0x0800015f   Thumb Code     0  startup_stm32f10x_hd.o(.text)
    DMA2_Channel1_IRQHandler                 0x0800015f   Thumb Code     0  startup_stm32f10x_hd.o(.text)
    DMA2_Channel2_IRQHandler                 0x0800015f   Thumb Code     0  startup_stm32f10x_hd.o(.text)
    DMA2_Channel3_IRQHandler                 0x0800015f   Thumb Code     0  startup_stm32f10x_hd.o(.text)
    DMA2_Channel4_5_IRQHandler               0x0800015f   Thumb Code     0  startup_stm32f10x_hd.o(.text)
    EXTI0_IRQHandler                         0x0800015f   Thumb Code     0  startup_stm32f10x_hd.o(.text)
    EXTI15_10_IRQHandler                     0x0800015f   Thumb Code     0  startup_stm32f10x_hd.o(.text)
    EXTI1_IRQHandler                         0x0800015f   Thumb Code     0  startup_stm32f10x_hd.o(.text)
    EXTI2_IRQHandler                         0x0800015f   Thumb Code     0  startup_stm32f10x_hd.o(.text)
    EXTI3_IRQHandler                         0x0800015f   Thumb Code     0  startup_stm32f10x_hd.o(.text)
    EXTI9_5_IRQHandler                       0x0800015f   Thumb Code     0  startup_stm32f10x_hd.o(.text)
    FLASH_IRQHandler                         0x0800015f   Thumb Code     0  startup_stm32f10x_hd.o(.text)
    FSMC_IRQHandler                          0x0800015f   Thumb Code     0  startup_stm32f10x_hd.o(.text)
    I2C1_ER_IRQHandler                       0x0800015f   Thumb Code     0  startup_stm32f10x_hd.o(.text)
    I2C1_EV_IRQHandler                       0x0800015f   Thumb Code     0  startup_stm32f10x_hd.o(.text)
    I2C2_ER_IRQHandler                       0x0800015f   Thumb Code     0  startup_stm32f10x_hd.o(.text)
    I2C2_EV_IRQHandler                       0x0800015f   Thumb Code     0  startup_stm32f10x_hd.o(.text)
    PVD_IRQHandler                           0x0800015f   Thumb Code     0  startup_stm32f10x_hd.o(.text)
    RCC_IRQHandler                           0x0800015f   Thumb Code     0  startup_stm32f10x_hd.o(.text)
    RTCAlarm_IRQHandler                      0x0800015f   Thumb Code     0  startup_stm32f10x_hd.o(.text)
    RTC_IRQHandler                           0x0800015f   Thumb Code     0  startup_stm32f10x_hd.o(.text)
    SDIO_IRQHandler                          0x0800015f   Thumb Code     0  startup_stm32f10x_hd.o(.text)
    SPI1_IRQHandler                          0x0800015f   Thumb Code     0  startup_stm32f10x_hd.o(.text)
    SPI2_IRQHandler                          0x0800015f   Thumb Code     0  startup_stm32f10x_hd.o(.text)
    SPI3_IRQHandler                          0x0800015f   Thumb Code     0  startup_stm32f10x_hd.o(.text)
    TAMPER_IRQHandler                        0x0800015f   Thumb Code     0  startup_stm32f10x_hd.o(.text)
    TIM1_BRK_IRQHandler                      0x0800015f   Thumb Code     0  startup_stm32f10x_hd.o(.text)
    TIM1_CC_IRQHandler                       0x0800015f   Thumb Code     0  startup_stm32f10x_hd.o(.text)
    TIM1_TRG_COM_IRQHandler                  0x0800015f   Thumb Code     0  startup_stm32f10x_hd.o(.text)
    TIM1_UP_IRQHandler                       0x0800015f   Thumb Code     0  startup_stm32f10x_hd.o(.text)
    TIM2_IRQHandler                          0x0800015f   Thumb Code     0  startup_stm32f10x_hd.o(.text)
    TIM3_IRQHandler                          0x0800015f   Thumb Code     0  startup_stm32f10x_hd.o(.text)
    TIM4_IRQHandler                          0x0800015f   Thumb Code     0  startup_stm32f10x_hd.o(.text)
    TIM5_IRQHandler                          0x0800015f   Thumb Code     0  startup_stm32f10x_hd.o(.text)
    TIM6_IRQHandler                          0x0800015f   Thumb Code     0  startup_stm32f10x_hd.o(.text)
    TIM7_IRQHandler                          0x0800015f   Thumb Code     0  startup_stm32f10x_hd.o(.text)
    TIM8_BRK_IRQHandler                      0x0800015f   Thumb Code     0  startup_stm32f10x_hd.o(.text)
    TIM8_CC_IRQHandler                       0x0800015f   Thumb Code     0  startup_stm32f10x_hd.o(.text)
    TIM8_TRG_COM_IRQHandler                  0x0800015f   Thumb Code     0  startup_stm32f10x_hd.o(.text)
    TIM8_UP_IRQHandler                       0x0800015f   Thumb Code     0  startup_stm32f10x_hd.o(.text)
    UART4_IRQHandler                         0x0800015f   Thumb Code     0  startup_stm32f10x_hd.o(.text)
    UART5_IRQHandler                         0x0800015f   Thumb Code     0  startup_stm32f10x_hd.o(.text)
    USART2_IRQHandler                        0x0800015f   Thumb Code     0  startup_stm32f10x_hd.o(.text)
    USART3_IRQHandler                        0x0800015f   Thumb Code     0  startup_stm32f10x_hd.o(.text)
    USBWakeUp_IRQHandler                     0x0800015f   Thumb Code     0  startup_stm32f10x_hd.o(.text)
    USB_HP_CAN1_TX_IRQHandler                0x0800015f   Thumb Code     0  startup_stm32f10x_hd.o(.text)
    USB_LP_CAN1_RX0_IRQHandler               0x0800015f   Thumb Code     0  startup_stm32f10x_hd.o(.text)
    WWDG_IRQHandler                          0x0800015f   Thumb Code     0  startup_stm32f10x_hd.o(.text)
    user_thread_create                       0x08000169   Thumb Code     2  startup.o(.text)
    system_thread_create                     0x0800016b   Thumb Code    44  startup.o(.text)
    thread_start                             0x08000197   Thumb Code    10  startup.o(.text)
    system_initial                           0x080001a1   Thumb Code    16  startup.o(.text)
    startup                                  0x080001b1   Thumb Code    36  startup.o(.text)
    main                                     0x080001d5   Thumb Code     4  startup.o(.text)
    device_register                          0x080001f1   Thumb Code 16974  device.o(.text)
    device_cancel_withID                     0x0800443f   Thumb Code   178  device.o(.text)
    device_cancel_withName                   0x080044f1   Thumb Code   108  device.o(.text)
    device_find_withID                       0x0800455d   Thumb Code    70  device.o(.text)
    device_find_withName                     0x080045a3   Thumb Code    76  device.o(.text)
    scp_memory_heap_init                     0x080045fd   Thumb Code    88  mem.o(.text)
    mem_init                                 0x08004655   Thumb Code    12  mem.o(.text)
    scp_malloc                               0x08004661   Thumb Code   274  mem.o(.text)
    scp_free                                 0x08004773   Thumb Code   214  mem.o(.text)
    sem_table_insert                         0x0800485d   Thumb Code    38  sem.o(.text)
    wait                                     0x08004883   Thumb Code    80  sem.o(.text)
    sem_table_remove                         0x080048d3   Thumb Code    50  sem.o(.text)
    signal                                   0x08004905   Thumb Code    72  sem.o(.text)
    NMI_Handler                              0x08004955   Thumb Code     2  stm32f10x_it.o(.text)
    MemManage_Handler                        0x08004957   Thumb Code     4  stm32f10x_it.o(.text)
    BusFault_Handler                         0x0800495b   Thumb Code     4  stm32f10x_it.o(.text)
    UsageFault_Handler                       0x0800495f   Thumb Code     4  stm32f10x_it.o(.text)
    DebugMon_Handler                         0x08004963   Thumb Code     2  stm32f10x_it.o(.text)
    EXTI4_IRQHandler                         0x08004965   Thumb Code     2  stm32f10x_it.o(.text)
    USART1_IRQHandler                        0x08004967   Thumb Code   216  stm32f10x_it.o(.text)
    Scorpio_logo                             0x08004a51   Thumb Code    10  console.o(.text)
    console_chose_withName                   0x08004a5b   Thumb Code    68  console.o(.text)
    console_init                             0x08004a9f   Thumb Code   104  console.o(.text)
    console_thread_entry                     0x08004b07   Thumb Code   212  console.o(.text)
    console_chose_withID                     0x08004bdb   Thumb Code    88  console.o(.text)
    think_show                               0x08004c81   Thumb Code    52  think.o(.text)
    think_del_from_tail                      0x08004cb5   Thumb Code    48  think.o(.text)
    think_to_tail                            0x08004ce5   Thumb Code   138  think.o(.text)
    think_refresh                            0x08004d6f   Thumb Code    20  think.o(.text)
    special                                  0x08004d83   Thumb Code   646  think.o(.text)
    think_logo                               0x08005009   Thumb Code    24  think.o(.text)
    debug                                    0x08005021   Thumb Code     2  think.o(.text)
    thread_list                              0x08005023   Thumb Code   272  think.o(.text)
    heap_list                                0x08005133   Thumb Code   210  think.o(.text)
    dev_list                                 0x08005205   Thumb Code   116  think.o(.text)
    thinking                                 0x08005279   Thumb Code    96  think.o(.text)
    save_cmd                                 0x080052d9   Thumb Code   110  think.o(.text)
    think                                    0x08005347   Thumb Code   796  think.o(.text)
    debug_init                               0x0800566d   Thumb Code    92  debug.o(.text)
    test                                     0x080056c9   Thumb Code    54  debug.o(.text)
    look                                     0x080056ff   Thumb Code    40  debug.o(.text)
    flow_led                                 0x08005727   Thumb Code   356  debug.o(.text)
    pendSV_init                              0x0800589d   Thumb Code    34  board.o(.text)
    sys_tick_setreload                       0x080058bf   Thumb Code     8  board.o(.text)
    sys_tick_init                            0x080058c7   Thumb Code    54  board.o(.text)
    interrupt_init                           0x080058fd   Thumb Code    12  board.o(.text)
    board_init                               0x08005909   Thumb Code    16  board.o(.text)
    sys_tick_start                           0x08005919   Thumb Code    18  board.o(.text)
    sys_tick_stop                            0x0800592b   Thumb Code    18  board.o(.text)
    sys_tick_it_enable                       0x0800593d   Thumb Code    18  board.o(.text)
    sys_tick_it_disable                      0x0800594f   Thumb Code    18  board.o(.text)
    sys_tick_clear                           0x08005961   Thumb Code    10  board.o(.text)
    psp_init                                 0x0800596b   Thumb Code    10  board.o(.text)
    sys_thread_init                          0x0800597d   Thumb Code    46  thread.o(.text)
    thread_table_insert                      0x080059ab   Thumb Code    96  thread.o(.text)
    thread_table_remove                      0x08005a0b   Thumb Code   166  thread.o(.text)
    thread_table_convert                     0x08005ab1   Thumb Code    22  thread.o(.text)
    texit                                    0x08005ac7   Thumb Code    20  thread.o(.text)
    thread_create                            0x08005adb   Thumb Code   500  thread.o(.text)
    get_thread_by_id                         0x08005ccf   Thumb Code    50  thread.o(.text)
    thread_table_roll                        0x08005d01   Thumb Code    36  thread.o(.text)
    thread_schedule                          0x08005d35   Thumb Code    90  schedule.o(.text)
    NVIC_PriorityGroupConfig                 0x08005d9d   Thumb Code    10  misc.o(.text)
    NVIC_Init                                0x08005da7   Thumb Code   102  misc.o(.text)
    NVIC_SetVectorTable                      0x08005e0d   Thumb Code    14  misc.o(.text)
    NVIC_SystemLPConfig                      0x08005e1b   Thumb Code    34  misc.o(.text)
    SysTick_CLKSourceConfig                  0x08005e3d   Thumb Code    40  misc.o(.text)
    GPIO_DeInit                              0x08005e79   Thumb Code   188  stm32f10x_gpio.o(.text)
    GPIO_AFIODeInit                          0x08005f35   Thumb Code    20  stm32f10x_gpio.o(.text)
    GPIO_Init                                0x08005f49   Thumb Code   274  stm32f10x_gpio.o(.text)
    GPIO_StructInit                          0x0800605b   Thumb Code    16  stm32f10x_gpio.o(.text)
    GPIO_ReadInputDataBit                    0x0800606b   Thumb Code    18  stm32f10x_gpio.o(.text)
    GPIO_ReadInputData                       0x0800607d   Thumb Code     8  stm32f10x_gpio.o(.text)
    GPIO_ReadOutputDataBit                   0x08006085   Thumb Code    18  stm32f10x_gpio.o(.text)
    GPIO_ReadOutputData                      0x08006097   Thumb Code     8  stm32f10x_gpio.o(.text)
    GPIO_SetBits                             0x0800609f   Thumb Code     4  stm32f10x_gpio.o(.text)
    GPIO_ResetBits                           0x080060a3   Thumb Code     4  stm32f10x_gpio.o(.text)
    GPIO_WriteBit                            0x080060a7   Thumb Code    10  stm32f10x_gpio.o(.text)
    GPIO_Write                               0x080060b1   Thumb Code     4  stm32f10x_gpio.o(.text)
    GPIO_PinLockConfig                       0x080060b5   Thumb Code    18  stm32f10x_gpio.o(.text)
    GPIO_EventOutputConfig                   0x080060c7   Thumb Code    26  stm32f10x_gpio.o(.text)
    GPIO_EventOutputCmd                      0x080060e1   Thumb Code     6  stm32f10x_gpio.o(.text)
    GPIO_PinRemapConfig                      0x080060e7   Thumb Code   106  stm32f10x_gpio.o(.text)
    GPIO_EXTILineConfig                      0x08006151   Thumb Code    66  stm32f10x_gpio.o(.text)
    RCC_DeInit                               0x080061a5   Thumb Code    62  stm32f10x_rcc.o(.text)
    RCC_HSEConfig                            0x080061e3   Thumb Code    70  stm32f10x_rcc.o(.text)
    RCC_GetFlagStatus                        0x08006229   Thumb Code    56  stm32f10x_rcc.o(.text)
    RCC_WaitForHSEStartUp                    0x08006261   Thumb Code    54  stm32f10x_rcc.o(.text)
    RCC_AdjustHSICalibrationValue            0x08006297   Thumb Code    20  stm32f10x_rcc.o(.text)
    RCC_HSICmd                               0x080062ab   Thumb Code     6  stm32f10x_rcc.o(.text)
    RCC_PLLConfig                            0x080062b1   Thumb Code    24  stm32f10x_rcc.o(.text)
    RCC_PLLCmd                               0x080062c9   Thumb Code     6  stm32f10x_rcc.o(.text)
    RCC_SYSCLKConfig                         0x080062cf   Thumb Code    18  stm32f10x_rcc.o(.text)
    RCC_GetSYSCLKSource                      0x080062e1   Thumb Code    10  stm32f10x_rcc.o(.text)
    RCC_HCLKConfig                           0x080062eb   Thumb Code    18  stm32f10x_rcc.o(.text)
    RCC_PCLK1Config                          0x080062fd   Thumb Code    18  stm32f10x_rcc.o(.text)
    RCC_PCLK2Config                          0x0800630f   Thumb Code    20  stm32f10x_rcc.o(.text)
    RCC_ITConfig                             0x08006323   Thumb Code    26  stm32f10x_rcc.o(.text)
    RCC_USBCLKConfig                         0x0800633d   Thumb Code     6  stm32f10x_rcc.o(.text)
    RCC_ADCCLKConfig                         0x08006343   Thumb Code    18  stm32f10x_rcc.o(.text)
    RCC_LSEConfig                            0x08006355   Thumb Code    44  stm32f10x_rcc.o(.text)
    RCC_LSICmd                               0x08006381   Thumb Code     6  stm32f10x_rcc.o(.text)
    RCC_RTCCLKConfig                         0x08006387   Thumb Code    12  stm32f10x_rcc.o(.text)
    RCC_RTCCLKCmd                            0x08006393   Thumb Code     8  stm32f10x_rcc.o(.text)
    RCC_GetClocksFreq                        0x0800639b   Thumb Code   192  stm32f10x_rcc.o(.text)
    RCC_AHBPeriphClockCmd                    0x0800645b   Thumb Code    26  stm32f10x_rcc.o(.text)
    RCC_APB2PeriphClockCmd                   0x08006475   Thumb Code    26  stm32f10x_rcc.o(.text)
    RCC_APB1PeriphClockCmd                   0x0800648f   Thumb Code    26  stm32f10x_rcc.o(.text)
    RCC_APB2PeriphResetCmd                   0x080064a9   Thumb Code    26  stm32f10x_rcc.o(.text)
    RCC_APB1PeriphResetCmd                   0x080064c3   Thumb Code    26  stm32f10x_rcc.o(.text)
    RCC_BackupResetCmd                       0x080064dd   Thumb Code     8  stm32f10x_rcc.o(.text)
    RCC_ClockSecuritySystemCmd               0x080064e5   Thumb Code     6  stm32f10x_rcc.o(.text)
    RCC_MCOConfig                            0x080064eb   Thumb Code     6  stm32f10x_rcc.o(.text)
    RCC_ClearFlag                            0x080064f1   Thumb Code    14  stm32f10x_rcc.o(.text)
    RCC_GetITStatus                          0x080064ff   Thumb Code    20  stm32f10x_rcc.o(.text)
    RCC_ClearITPendingBit                    0x08006513   Thumb Code     6  stm32f10x_rcc.o(.text)
    USART_DeInit                             0x08006545   Thumb Code   146  stm32f10x_usart.o(.text)
    USART_Init                               0x080065d7   Thumb Code   150  stm32f10x_usart.o(.text)
    USART_StructInit                         0x0800666d   Thumb Code    24  stm32f10x_usart.o(.text)
    USART_ClockInit                          0x08006685   Thumb Code    34  stm32f10x_usart.o(.text)
    USART_ClockStructInit                    0x080066a7   Thumb Code    12  stm32f10x_usart.o(.text)
    USART_Cmd                                0x080066b3   Thumb Code    24  stm32f10x_usart.o(.text)
    USART_ITConfig                           0x080066cb   Thumb Code    64  stm32f10x_usart.o(.text)
    USART_DMACmd                             0x0800670b   Thumb Code    18  stm32f10x_usart.o(.text)
    USART_SetAddress                         0x0800671d   Thumb Code    18  stm32f10x_usart.o(.text)
    USART_WakeUpConfig                       0x0800672f   Thumb Code    18  stm32f10x_usart.o(.text)
    USART_ReceiverWakeUpCmd                  0x08006741   Thumb Code    24  stm32f10x_usart.o(.text)
    USART_LINBreakDetectLengthConfig         0x08006759   Thumb Code    18  stm32f10x_usart.o(.text)
    USART_LINCmd                             0x0800676b   Thumb Code    24  stm32f10x_usart.o(.text)
    USART_SendData                           0x08006783   Thumb Code     8  stm32f10x_usart.o(.text)
    USART_ReceiveData                        0x0800678b   Thumb Code    10  stm32f10x_usart.o(.text)
    USART_SendBreak                          0x08006795   Thumb Code    10  stm32f10x_usart.o(.text)
    USART_SetGuardTime                       0x0800679f   Thumb Code    16  stm32f10x_usart.o(.text)
    USART_SetPrescaler                       0x080067af   Thumb Code    16  stm32f10x_usart.o(.text)
    USART_SmartCardCmd                       0x080067bf   Thumb Code    24  stm32f10x_usart.o(.text)
    USART_SmartCardNACKCmd                   0x080067d7   Thumb Code    24  stm32f10x_usart.o(.text)
    USART_HalfDuplexCmd                      0x080067ef   Thumb Code    24  stm32f10x_usart.o(.text)
    USART_IrDAConfig                         0x08006807   Thumb Code    18  stm32f10x_usart.o(.text)
    USART_IrDACmd                            0x08006819   Thumb Code    24  stm32f10x_usart.o(.text)
    USART_GetFlagStatus                      0x08006831   Thumb Code    18  stm32f10x_usart.o(.text)
    USART_ClearFlag                          0x08006843   Thumb Code     6  stm32f10x_usart.o(.text)
    USART_GetITStatus                        0x08006849   Thumb Code    76  stm32f10x_usart.o(.text)
    USART_ClearITPendingBit                  0x08006895   Thumb Code    20  stm32f10x_usart.o(.text)
    SystemInit                               0x08006997   Thumb Code    68  system_stm32f10x.o(.text)
    USART1_init                              0x080069ed   Thumb Code   180  usart.o(.text)
    USART1_open                              0x08006aa1   Thumb Code    68  usart.o(.text)
    USART1_close                             0x08006ae5   Thumb Code    76  usart.o(.text)
    USART1_read                              0x08006b31   Thumb Code   220  usart.o(.text)
    USART1_write                             0x08006c0d   Thumb Code   230  usart.o(.text)
    USART1_control                           0x08006cf3   Thumb Code    42  usart.o(.text)
    fputc                                    0x08006d1d   Thumb Code    24  usart.o(.text)
    USART1_register                          0x08006d35   Thumb Code   130  usart.o(.text)
    __aeabi_memset                           0x08006dcd   Thumb Code    14  memseta.o(.text)
    __aeabi_memset4                          0x08006dcd   Thumb Code     0  memseta.o(.text)
    __aeabi_memset8                          0x08006dcd   Thumb Code     0  memseta.o(.text)
    __aeabi_memclr                           0x08006ddb   Thumb Code     4  memseta.o(.text)
    __aeabi_memclr4                          0x08006ddb   Thumb Code     0  memseta.o(.text)
    __aeabi_memclr8                          0x08006ddb   Thumb Code     0  memseta.o(.text)
    _memset$wrapper                          0x08006ddf   Thumb Code    18  memseta.o(.text)
    strlen                                   0x08006df1   Thumb Code    14  strlen.o(.text)
    strcmp                                   0x08006dff   Thumb Code    28  strcmp.o(.text)
    strcpy                                   0x08006e1b   Thumb Code    18  strcpy.o(.text)
    __aeabi_dadd                             0x08006e2d   Thumb Code   322  dadd.o(.text)
    __aeabi_dsub                             0x08006f6f   Thumb Code     6  dadd.o(.text)
    __aeabi_drsub                            0x08006f75   Thumb Code     6  dadd.o(.text)
    __aeabi_dmul                             0x08006f7b   Thumb Code   228  dmul.o(.text)
    __aeabi_ddiv                             0x0800705f   Thumb Code   222  ddiv.o(.text)
    __aeabi_i2d                              0x0800713d   Thumb Code    34  dflti.o(.text)
    __aeabi_ui2d                             0x0800715f   Thumb Code    26  dfltui.o(.text)
    __aeabi_d2uiz                            0x08007179   Thumb Code    50  dfixui.o(.text)
    __aeabi_uidiv                            0x080071ab   Thumb Code     0  uidiv.o(.text)
    __aeabi_uidivmod                         0x080071ab   Thumb Code    44  uidiv.o(.text)
    __aeabi_uldivmod                         0x080071d7   Thumb Code    98  uldiv.o(.text)
    __aeabi_llsl                             0x08007239   Thumb Code    30  llshl.o(.text)
    _ll_shift_l                              0x08007239   Thumb Code     0  llshl.o(.text)
    __aeabi_llsr                             0x08007257   Thumb Code    32  llushr.o(.text)
    _ll_ushift_r                             0x08007257   Thumb Code     0  llushr.o(.text)
    __aeabi_lasr                             0x08007277   Thumb Code    36  llsshr.o(.text)
    _ll_sshift_r                             0x08007277   Thumb Code     0  llsshr.o(.text)
    __I$use$fp                               0x0800729b   Thumb Code     0  iusefp.o(.text)
    _double_round                            0x0800729b   Thumb Code    26  depilogue.o(.text)
    _double_epilogue                         0x080072b5   Thumb Code   164  depilogue.o(.text)
    _dsqrt                                   0x08007359   Thumb Code   162  dsqrt.o(.text)
    __aeabi_d2ulz                            0x080073fb   Thumb Code    48  dfixul.o(.text)
    __aeabi_cdrcmple                         0x0800742d   Thumb Code    38  cdrcmple.o(.text)
    __scatterload                            0x08007455   Thumb Code    28  init.o(.text)
    __scatterload_rt2                        0x08007455   Thumb Code     0  init.o(.text)
    __cpu_mode_ensure                        0x08007479   Thumb Code    16  asm.o(PROGRAM)
    __spot_store                             0x08007489   Thumb Code    46  asm.o(PROGRAM)
    __switch_to                              0x080074b7   Thumb Code    12  asm.o(PROGRAM)
    __switch_between                         0x080074c3   Thumb Code    18  asm.o(PROGRAM)
    __psp_init                               0x080074d5   Thumb Code     6  asm.o(PROGRAM)
    __interrupt_enable                       0x080074db   Thumb Code     8  asm.o(PROGRAM)
    __interrupt_disable                      0x080074e3   Thumb Code     8  asm.o(PROGRAM)
    __goto_user_mode                         0x080074eb   Thumb Code    14  asm.o(PROGRAM)
    __goto_psp_mode                          0x080074f9   Thumb Code    14  asm.o(PROGRAM)
    __psp_return                             0x08007507   Thumb Code    18  asm.o(PROGRAM)
    SysTick_Handler                          0x08007519   Thumb Code    40  asm.o(PROGRAM)
    PendSV_Handler                           0x08007541   Thumb Code    88  asm.o(PROGRAM)
    SVC_Handler                              0x08007599   Thumb Code    46  asm.o(PROGRAM)
    __SVC_ASK                                0x080075c7   Thumb Code     4  asm.o(PROGRAM)
    __0printf                                0x080075e5   Thumb Code    22  printfa.o(i.__0printf)
    __1printf                                0x080075e5   Thumb Code     0  printfa.o(i.__0printf)
    __2printf                                0x080075e5   Thumb Code     0  printfa.o(i.__0printf)
    __c89printf                              0x080075e5   Thumb Code     0  printfa.o(i.__0printf)
    printf                                   0x080075e5   Thumb Code     0  printfa.o(i.__0printf)
    __scatterload_copy                       0x08007605   Thumb Code    14  handlers.o(i.__scatterload_copy)
    __scatterload_null                       0x08007613   Thumb Code     2  handlers.o(i.__scatterload_null)
    __scatterload_zeroinit                   0x08007615   Thumb Code    14  handlers.o(i.__scatterload_zeroinit)
    __set_errno                              0x08007625   Thumb Code     6  errno.o(i.__set_errno)
    sqrt                                     0x08007ed3   Thumb Code    76  sqrt.o(i.sqrt)
    Region$$Table$$Base                      0x08007f20   Number         0  anon$$obj.o(Region$$Table)
    Region$$Table$$Limit                     0x08007f40   Number         0  anon$$obj.o(Region$$Table)
    dev_table_sem                            0x20000000   Data           8  device.o(.data)
    heap_access_sem                          0x20000008   Data           8  mem.o(.data)
    heaphdr                                  0x20000010   Data           4  mem.o(.data)
    heaplimit                                0x20000014   Data           4  mem.o(.data)
    console_sem                              0x2000001c   Data           8  console.o(.data)
    console_dev                              0x20000024   Data           4  console.o(.data)
    think_index                              0x20000028   Data           2  think.o(.data)
    alt_flag                                 0x2000002a   Data           1  think.o(.data)
    cmd_stack_sp                             0x2000002b   Data           1  think.o(.data)
    cmd_show_sp                              0x2000002c   Data           1  think.o(.data)
    cmd_base_sp                              0x2000002d   Data           1  think.o(.data)
    right_flag                               0x2000002e   Data           2  think.o(.data)
    up_flag                                  0x20000030   Data           1  think.o(.data)
    tail_flag                                0x20000032   Data           2  think.o(.data)
    currentThread                            0x20000034   Data           4  thread.o(.data)
    thread_id_bitmap_sem                     0x20000038   Data           8  thread.o(.data)
    thread_switch_lock                       0x20000040   Data           1  schedule.o(.data)
    interrupt_lock                           0x20000041   Data           1  schedule.o(.data)
    __stdout                                 0x20000058   Data           4  stdout.o(.data)
    dev_table                                0x20000060   Data          12  device.o(.bss)
    cmd_buffer                               0x2000006c   Data         704  think.o(.bss)
    think_buffer                             0x2000032c   Data          64  think.o(.bss)
    thread_swap                              0x2000036c   Data        1024  thread.o(.bss)
    threadTable                              0x2000076c   Data          48  thread.o(.bss)
    thread_id_bitmap                         0x2000079c   Data         256  thread.o(.bss)
    __psp                                    0x20000ca0   Data           0  startup_stm32f10x_hd.o(STACK)
    Image$$RW_IRAM1$$ZI$$Limit               0x200010a0   Number         0  startup_stm32f10x_hd.o(STACK)
    __initial_sp                             0x200010a0   Data           0  startup_stm32f10x_hd.o(STACK)



==============================================================================

Memory Map of the image

  Image Entry point : 0x08000131

  Load Region LR_IROM1 (Base: 0x08000000, Size: 0x00007fa0, Max: 0x00080000, ABSOLUTE)

    Execution Region ER_IROM1 (Base: 0x08000000, Size: 0x00007f40, Max: 0x00080000, ABSOLUTE)

    Base Addr    Size         Type   Attr      Idx    E Section Name        Object

    0x08000000   0x00000130   Data   RO            3    RESET               startup_stm32f10x_hd.o
    0x08000130   0x00000000   Code   RO          602  * .ARM.Collect$$$$00000000  mc_w.l(entry.o)
    0x08000130   0x00000004   Code   RO          886    .ARM.Collect$$$$00000001  mc_w.l(entry2.o)
    0x08000134   0x00000004   Code   RO          889    .ARM.Collect$$$$00000004  mc_w.l(entry5.o)
    0x08000138   0x00000000   Code   RO          891    .ARM.Collect$$$$00000008  mc_w.l(entry7b.o)
    0x08000138   0x00000000   Code   RO          893    .ARM.Collect$$$$0000000A  mc_w.l(entry8b.o)
    0x08000138   0x00000008   Code   RO          894    .ARM.Collect$$$$0000000B  mc_w.l(entry9a.o)
    0x08000140   0x00000000   Code   RO          896    .ARM.Collect$$$$0000000D  mc_w.l(entry10a.o)
    0x08000140   0x00000000   Code   RO          898    .ARM.Collect$$$$0000000F  mc_w.l(entry11a.o)
    0x08000140   0x00000004   Code   RO          887    .ARM.Collect$$$$00002712  mc_w.l(entry2.o)
    0x08000144   0x00000024   Code   RO            4    .text               startup_stm32f10x_hd.o
    0x08000168   0x00000088   Code   RO           28    .text               startup.o
    0x080001f0   0x0000440c   Code   RO           51    .text               device.o
    0x080045fc   0x00000260   Code   RO           71    .text               mem.o
    0x0800485c   0x000000f8   Code   RO           86    .text               sem.o
    0x08004954   0x000000fc   Code   RO           99    .text               stm32f10x_it.o
    0x08004a50   0x00000230   Code   RO          198    .text               console.o
    0x08004c80   0x000009ec   Code   RO          213    .text               think.o
    0x0800566c   0x00000230   Code   RO          230    .text               debug.o
    0x0800589c   0x000000e0   Code   RO          249    .text               board.o
    0x0800597c   0x000003b8   Code   RO          262    .text               thread.o
    0x08005d34   0x00000068   Code   RO          278    .text               schedule.o
    0x08005d9c   0x000000dc   Code   RO          294    .text               misc.o
    0x08005e78   0x0000032c   Code   RO          426    .text               stm32f10x_gpio.o
    0x080061a4   0x000003a0   Code   RO          474    .text               stm32f10x_rcc.o
    0x08006544   0x00000370   Code   RO          536    .text               stm32f10x_usart.o
    0x080068b4   0x00000138   Code   RO          560    .text               system_stm32f10x.o
    0x080069ec   0x000003e0   Code   RO          578    .text               usart.o
    0x08006dcc   0x00000024   Code   RO          605    .text               mc_w.l(memseta.o)
    0x08006df0   0x0000000e   Code   RO          607    .text               mc_w.l(strlen.o)
    0x08006dfe   0x0000001c   Code   RO          609    .text               mc_w.l(strcmp.o)
    0x08006e1a   0x00000012   Code   RO          611    .text               mc_w.l(strcpy.o)
    0x08006e2c   0x0000014e   Code   RO          874    .text               mf_w.l(dadd.o)
    0x08006f7a   0x000000e4   Code   RO          876    .text               mf_w.l(dmul.o)
    0x0800705e   0x000000de   Code   RO          878    .text               mf_w.l(ddiv.o)
    0x0800713c   0x00000022   Code   RO          880    .text               mf_w.l(dflti.o)
    0x0800715e   0x0000001a   Code   RO          882    .text               mf_w.l(dfltui.o)
    0x08007178   0x00000032   Code   RO          884    .text               mf_w.l(dfixui.o)
    0x080071aa   0x0000002c   Code   RO          901    .text               mc_w.l(uidiv.o)
    0x080071d6   0x00000062   Code   RO          903    .text               mc_w.l(uldiv.o)
    0x08007238   0x0000001e   Code   RO          905    .text               mc_w.l(llshl.o)
    0x08007256   0x00000020   Code   RO          907    .text               mc_w.l(llushr.o)
    0x08007276   0x00000024   Code   RO          909    .text               mc_w.l(llsshr.o)
    0x0800729a   0x00000000   Code   RO          918    .text               mc_w.l(iusefp.o)
    0x0800729a   0x000000be   Code   RO          919    .text               mf_w.l(depilogue.o)
    0x08007358   0x000000a2   Code   RO          921    .text               mf_w.l(dsqrt.o)
    0x080073fa   0x00000030   Code   RO          923    .text               mf_w.l(dfixul.o)
    0x0800742a   0x00000002   PAD
    0x0800742c   0x00000028   Code   RO          927    .text               mf_w.l(cdrcmple.o)
    0x08007454   0x00000024   Code   RO          929    .text               mc_w.l(init.o)
    0x08007478   0x0000016c   Code   RO           24    PROGRAM             asm.o
    0x080075e4   0x00000020   Code   RO          846    i.__0printf         mc_w.l(printfa.o)
    0x08007604   0x0000000e   Code   RO          933    i.__scatterload_copy  mc_w.l(handlers.o)
    0x08007612   0x00000002   Code   RO          934    i.__scatterload_null  mc_w.l(handlers.o)
    0x08007614   0x0000000e   Code   RO          935    i.__scatterload_zeroinit  mc_w.l(handlers.o)
    0x08007622   0x00000002   PAD
    0x08007624   0x0000000c   Code   RO          913    i.__set_errno       mc_w.l(errno.o)
    0x08007630   0x0000015c   Code   RO          853    i._fp_digits        mc_w.l(printfa.o)
    0x0800778c   0x000006f0   Code   RO          854    i._printf_core      mc_w.l(printfa.o)
    0x08007e7c   0x00000026   Code   RO          855    i._printf_post_padding  mc_w.l(printfa.o)
    0x08007ea2   0x00000030   Code   RO          856    i._printf_pre_padding  mc_w.l(printfa.o)
    0x08007ed2   0x0000004c   Code   RO          595    i.sqrt              m_ws.l(sqrt.o)
    0x08007f1e   0x00000002   PAD
    0x08007f20   0x00000020   Data   RO          931    Region$$Table       anon$$obj.o


    Execution Region RW_IRAM1 (Base: 0x20000000, Size: 0x000010a0, Max: 0x00010000, ABSOLUTE)

    Base Addr    Size         Type   Attr      Idx    E Section Name        Object

    0x20000000   0x00000008   Data   RW           53    .data               device.o
    0x20000008   0x00000010   Data   RW           72    .data               mem.o
    0x20000018   0x00000004   Data   RW          100    .data               stm32f10x_it.o
    0x2000001c   0x0000000c   Data   RW          199    .data               console.o
    0x20000028   0x0000000c   Data   RW          215    .data               think.o
    0x20000034   0x0000000c   Data   RW          264    .data               thread.o
    0x20000040   0x00000002   Data   RW          279    .data               schedule.o
    0x20000042   0x00000014   Data   RW          475    .data               stm32f10x_rcc.o
    0x20000056   0x00000002   PAD
    0x20000058   0x00000004   Data   RW          900    .data               mc_w.l(stdout.o)
    0x2000005c   0x00000004   Data   RW          914    .data               mc_w.l(errno.o)
    0x20000060   0x0000000c   Zero   RW           52    .bss                device.o
    0x2000006c   0x00000300   Zero   RW          214    .bss                think.o
    0x2000036c   0x00000530   Zero   RW          263    .bss                thread.o
    0x2000089c   0x00000004   PAD
    0x200008a0   0x00000800   Zero   RW            1    STACK               startup_stm32f10x_hd.o


==============================================================================

Image component sizes


      Code (inc. data)   RO Data    RW Data    ZI Data      Debug   Object Name

       364         24          0          0          0        932   asm.o
       224          8          0          0          0       1653   board.o
       560         78          0         12          0       1567   console.o
         0          0          0          0          0       4212   core_cm3.o
       560         18          0          0          0       1104   debug.o
     17420         22          0          8         12       2232   device.o
       608         20          0         16          0       2084   mem.o
       220         20          0          0          0       1617   misc.o
       104         14          0          2          0        746   schedule.o
       248          8          0          0          0       1408   sem.o
       136         24          0          0          0       5287   startup.o
        36          8        304          0       2048        756   startup_stm32f10x_hd.o
       812         18          0          0          0       4983   stm32f10x_gpio.o
       252         18          0          4          0     222212   stm32f10x_it.o
       928         44          0         20          0       8516   stm32f10x_rcc.o
       880         12          0          0          0       7595   stm32f10x_usart.o
       312         18          0          0          0       1065   system_stm32f10x.o
      2540        462          0         12        768       4690   think.o
       952         16          0         12       1328       3292   thread.o
       992         22          0          0          0       2955   usart.o

    ----------------------------------------------------------------------
     28148        854        336         88       4160     278906   Object Totals
         0          0         32          0          0          0   (incl. Generated)
         0          0          0          2          4          0   (incl. Padding)

    ----------------------------------------------------------------------

      Code (inc. data)   RO Data    RW Data    ZI Data      Debug   Library Member Name

        76          0          0          0          0         84   sqrt.o
         0          0          0          0          0          0   entry.o
         0          0          0          0          0          0   entry10a.o
         0          0          0          0          0          0   entry11a.o
         8          4          0          0          0          0   entry2.o
         4          0          0          0          0          0   entry5.o
         0          0          0          0          0          0   entry7b.o
         0          0          0          0          0          0   entry8b.o
         8          4          0          0          0          0   entry9a.o
        12          6          0          4          0         68   errno.o
        30          0          0          0          0          0   handlers.o
        36          8          0          0          0         68   init.o
         0          0          0          0          0          0   iusefp.o
        30          0          0          0          0         68   llshl.o
        36          0          0          0          0         68   llsshr.o
        32          0          0          0          0         68   llushr.o
        36          0          0          0          0        108   memseta.o
      2242         90          0          0          0        444   printfa.o
         0          0          0          4          0          0   stdout.o
        28          0          0          0          0         76   strcmp.o
        18          0          0          0          0         68   strcpy.o
        14          0          0          0          0         68   strlen.o
        44          0          0          0          0         80   uidiv.o
        98          0          0          0          0         92   uldiv.o
        40          2          0          0          0         68   cdrcmple.o
       334          0          0          0          0        148   dadd.o
       222          0          0          0          0        100   ddiv.o
       190          0          0          0          0        176   depilogue.o
        50          0          0          0          0         76   dfixui.o
        48          0          0          0          0         68   dfixul.o
        34          0          0          0          0         76   dflti.o
        26          0          0          0          0         76   dfltui.o
       228          0          0          0          0         96   dmul.o
       162          0          0          0          0        100   dsqrt.o

    ----------------------------------------------------------------------
      4092        114          0          8          0       2344   Library Totals
         6          0          0          0          0          0   (incl. Padding)

    ----------------------------------------------------------------------

      Code (inc. data)   RO Data    RW Data    ZI Data      Debug   Library Name

        76          0          0          0          0         84   m_ws.l
      2676        112          0          8          0       1276   mc_w.l
      1334          2          0          0          0        984   mf_w.l

    ----------------------------------------------------------------------
      4092        114          0          8          0       2344   Library Totals

    ----------------------------------------------------------------------

==============================================================================


      Code (inc. data)   RO Data    RW Data    ZI Data      Debug   

     32240        968        336         96       4160     278650   Grand Totals
     32240        968        336         96       4160     278650   ELF Image Totals
     32240        968        336         96          0          0   ROM Totals

==============================================================================

    Total RO  Size (Code + RO Data)                32576 (  31.81kB)
    Total RW  Size (RW Data + ZI Data)              4256 (   4.16kB)
    Total ROM Size (Code + RO Data + RW Data)      32672 (  31.91kB)

==============================================================================

